Archive member included to satisfy reference by file (symbol)

c:/progra~2/armgnu~1/1213fb~1.2mp/bin/../lib/gcc/arm-none-eabi/12.2.0/thumb/v7e-m/nofp\libgcc.a(_arm_muldf3.o)
                              CMakeFiles/project.elf.dir/Core/Src/main.c.obj (__aeabi_dmul)
c:/progra~2/armgnu~1/1213fb~1.2mp/bin/../lib/gcc/arm-none-eabi/12.2.0/thumb/v7e-m/nofp\libgcc.a(_arm_mulsf3.o)
                              CMakeFiles/project.elf.dir/Core/Src/main.c.obj (__aeabi_fmul)
c:/progra~2/armgnu~1/1213fb~1.2mp/bin/../lib/gcc/arm-none-eabi/12.2.0/thumb/v7e-m/nofp\libgcc.a(_arm_addsubdf3.o)
                              CMakeFiles/project.elf.dir/Core/Src/main.c.obj (__aeabi_f2d)
c:/progra~2/armgnu~1/1213fb~1.2mp/bin/../lib/gcc/arm-none-eabi/12.2.0/thumb/v7e-m/nofp\libgcc.a(_arm_truncdfsf2.o)
                              CMakeFiles/project.elf.dir/Core/Src/main.c.obj (__aeabi_d2f)
c:/progra~2/armgnu~1/1213fb~1.2mp/bin/../lib/gcc/arm-none-eabi/12.2.0/thumb/v7e-m/nofp\libgcc.a(_arm_addsubsf3.o)
                              CMakeFiles/project.elf.dir/Core/Src/main.c.obj (__aeabi_fadd)
c:/progra~2/armgnu~1/1213fb~1.2mp/bin/../lib/gcc/arm-none-eabi/12.2.0/thumb/v7e-m/nofp\libgcc.a(_arm_cmpsf2.o)
                              CMakeFiles/project.elf.dir/Core/Src/main.c.obj (__aeabi_fcmpgt)
c:/progra~2/armgnu~1/1213fb~1.2mp/bin/../lib/gcc/arm-none-eabi/12.2.0/thumb/v7e-m/nofp\libg.a(libc_a-exit.o)
                              c:/progra~2/armgnu~1/1213fb~1.2mp/bin/../lib/gcc/arm-none-eabi/12.2.0/thumb/v7e-m/nofp/crt0.o (exit)
c:/progra~2/armgnu~1/1213fb~1.2mp/bin/../lib/gcc/arm-none-eabi/12.2.0/thumb/v7e-m/nofp\libg.a(libc_a-findfp.o)
                              c:/progra~2/armgnu~1/1213fb~1.2mp/bin/../lib/gcc/arm-none-eabi/12.2.0/thumb/v7e-m/nofp\libg.a(libc_a-exit.o) (__stdio_exit_handler)
c:/progra~2/armgnu~1/1213fb~1.2mp/bin/../lib/gcc/arm-none-eabi/12.2.0/thumb/v7e-m/nofp\libg.a(libc_a-fwalk.o)
                              c:/progra~2/armgnu~1/1213fb~1.2mp/bin/../lib/gcc/arm-none-eabi/12.2.0/thumb/v7e-m/nofp\libg.a(libc_a-findfp.o) (_fwalk_sglue)
c:/progra~2/armgnu~1/1213fb~1.2mp/bin/../lib/gcc/arm-none-eabi/12.2.0/thumb/v7e-m/nofp\libg.a(libc_a-sprintf.o)
                              CMakeFiles/project.elf.dir/Core/Src/main.c.obj (sprintf)
c:/progra~2/armgnu~1/1213fb~1.2mp/bin/../lib/gcc/arm-none-eabi/12.2.0/thumb/v7e-m/nofp\libg.a(libc_a-stdio.o)
                              c:/progra~2/armgnu~1/1213fb~1.2mp/bin/../lib/gcc/arm-none-eabi/12.2.0/thumb/v7e-m/nofp\libg.a(libc_a-findfp.o) (__sread)
c:/progra~2/armgnu~1/1213fb~1.2mp/bin/../lib/gcc/arm-none-eabi/12.2.0/thumb/v7e-m/nofp\libg.a(libc_a-memset.o)
                              c:/progra~2/armgnu~1/1213fb~1.2mp/bin/../lib/gcc/arm-none-eabi/12.2.0/thumb/v7e-m/nofp/crt0.o (memset)
c:/progra~2/armgnu~1/1213fb~1.2mp/bin/../lib/gcc/arm-none-eabi/12.2.0/thumb/v7e-m/nofp\libg.a(libc_a-closer.o)
                              c:/progra~2/armgnu~1/1213fb~1.2mp/bin/../lib/gcc/arm-none-eabi/12.2.0/thumb/v7e-m/nofp\libg.a(libc_a-stdio.o) (_close_r)
c:/progra~2/armgnu~1/1213fb~1.2mp/bin/../lib/gcc/arm-none-eabi/12.2.0/thumb/v7e-m/nofp\libg.a(libc_a-reent.o)
                              c:/progra~2/armgnu~1/1213fb~1.2mp/bin/../lib/gcc/arm-none-eabi/12.2.0/thumb/v7e-m/nofp\libg.a(libc_a-closer.o) (errno)
c:/progra~2/armgnu~1/1213fb~1.2mp/bin/../lib/gcc/arm-none-eabi/12.2.0/thumb/v7e-m/nofp\libg.a(libc_a-impure.o)
                              c:/progra~2/armgnu~1/1213fb~1.2mp/bin/../lib/gcc/arm-none-eabi/12.2.0/thumb/v7e-m/nofp\libg.a(libc_a-sprintf.o) (_impure_ptr)
c:/progra~2/armgnu~1/1213fb~1.2mp/bin/../lib/gcc/arm-none-eabi/12.2.0/thumb/v7e-m/nofp\libg.a(libc_a-lseekr.o)
                              c:/progra~2/armgnu~1/1213fb~1.2mp/bin/../lib/gcc/arm-none-eabi/12.2.0/thumb/v7e-m/nofp\libg.a(libc_a-stdio.o) (_lseek_r)
c:/progra~2/armgnu~1/1213fb~1.2mp/bin/../lib/gcc/arm-none-eabi/12.2.0/thumb/v7e-m/nofp\libg.a(libc_a-readr.o)
                              c:/progra~2/armgnu~1/1213fb~1.2mp/bin/../lib/gcc/arm-none-eabi/12.2.0/thumb/v7e-m/nofp\libg.a(libc_a-stdio.o) (_read_r)
c:/progra~2/armgnu~1/1213fb~1.2mp/bin/../lib/gcc/arm-none-eabi/12.2.0/thumb/v7e-m/nofp\libg.a(libc_a-writer.o)
                              c:/progra~2/armgnu~1/1213fb~1.2mp/bin/../lib/gcc/arm-none-eabi/12.2.0/thumb/v7e-m/nofp\libg.a(libc_a-stdio.o) (_write_r)
c:/progra~2/armgnu~1/1213fb~1.2mp/bin/../lib/gcc/arm-none-eabi/12.2.0/thumb/v7e-m/nofp\libg.a(libc_a-errno.o)
                              CMakeFiles/project.elf.dir/Core/Src/syscalls.c.obj (__errno)
c:/progra~2/armgnu~1/1213fb~1.2mp/bin/../lib/gcc/arm-none-eabi/12.2.0/thumb/v7e-m/nofp\libg.a(libc_a-init.o)
                              c:/progra~2/armgnu~1/1213fb~1.2mp/bin/../lib/gcc/arm-none-eabi/12.2.0/thumb/v7e-m/nofp/crt0.o (__libc_init_array)
c:/progra~2/armgnu~1/1213fb~1.2mp/bin/../lib/gcc/arm-none-eabi/12.2.0/thumb/v7e-m/nofp\libg.a(libc_a-lock.o)
[...]
Memory Configuration

Name             Origin             Length             Attributes
CCMRAM           0x10000000         0x00002000         xrw
RAM              0x20000000         0x0000a000         xrw
FLASH            0x08000000         0x00040000         xr
*default*        0x00000000         0xffffffff

Linker script and memory map

LOAD c:/progra~2/armgnu~1/1213fb~1.2mp/bin/../lib/gcc/arm-none-eabi/12.2.0/thumb/v7e-m/nofp/crti.o
LOAD c:/progra~2/armgnu~1/1213fb~1.2mp/bin/../lib/gcc/arm-none-eabi/12.2.0/thumb/v7e-m/nofp/crtbegin.o
LOAD c:/progra~2/armgnu~1/1213fb~1.2mp/bin/../lib/gcc/arm-none-eabi/12.2.0/thumb/v7e-m/nofp/crt0.o
LOAD CMakeFiles/project.elf.dir/Core/Src/main.c.obj
LOAD CMakeFiles/project.elf.dir/Core/Src/stm32f3xx_hal_msp.c.obj
LOAD CMakeFiles/project.elf.dir/Core/Src/stm32f3xx_it.c.obj
LOAD CMakeFiles/project.elf.dir/Core/Src/syscalls.c.obj
LOAD CMakeFiles/project.elf.dir/Core/Src/sysmem.c.obj
LOAD CMakeFiles/project.elf.dir/Core/Src/system_stm32f3xx.c.obj
LOAD CMakeFiles/project.elf.dir/Core/Startup/startup_stm32f303vctx.s.obj
LOAD CMakeFiles/project.elf.dir/Drivers/STM32F3xx_HAL_Driver/Src/stm32f3xx_hal.c.obj
LOAD CMakeFiles/project.elf.dir/Drivers/STM32F3xx_HAL_Driver/Src/stm32f3xx_hal_cortex.c.obj
LOAD CMakeFiles/project.elf.dir/Drivers/STM32F3xx_HAL_Driver/Src/stm32f3xx_hal_dma.c.obj
LOAD CMakeFiles/project.elf.dir/Drivers/STM32F3xx_HAL_Driver/Src/stm32f3xx_hal_exti.c.obj
LOAD CMakeFiles/project.elf.dir/Drivers/STM32F3xx_HAL_Driver/Src/stm32f3xx_hal_flash.c.obj
LOAD CMakeFiles/project.elf.dir/Drivers/STM32F3xx_HAL_Driver/Src/stm32f3xx_hal_flash_ex.c.obj
LOAD CMakeFiles/project.elf.dir/Drivers/STM32F3xx_HAL_Driver/Src/stm32f3xx_hal_gpio.c.obj
LOAD CMakeFiles/project.elf.dir/Drivers/STM32F3xx_HAL_Driver/Src/stm32f3xx_hal_i2c.c.obj
LOAD CMakeFiles/project.elf.dir/Drivers/STM32F3xx_HAL_Driver/Src/stm32f3xx_hal_i2c_ex.c.obj
LOAD CMakeFiles/project.elf.dir/Drivers/STM32F3xx_HAL_Driver/Src/stm32f3xx_hal_pcd.c.obj
LOAD CMakeFiles/project.elf.dir/Drivers/STM32F3xx_HAL_Driver/Src/stm32f3xx_hal_pcd_ex.c.obj
LOAD CMakeFiles/project.elf.dir/Drivers/STM32F3xx_HAL_Driver/Src/stm32f3xx_hal_pwr.c.obj
LOAD CMakeFiles/project.elf.dir/Drivers/STM32F3xx_HAL_Driver/Src/stm32f3xx_hal_pwr_ex.c.obj
LOAD CMakeFiles/project.elf.dir/Drivers/STM32F3xx_HAL_Driver/Src/stm32f3xx_hal_rcc.c.obj
LOAD CMakeFiles/project.elf.dir/Drivers/STM32F3xx_HAL_Driver/Src/stm32f3xx_hal_rcc_ex.c.obj
LOAD CMakeFiles/project.elf.dir/Drivers/STM32F3xx_HAL_Driver/Src/stm32f3xx_hal_spi.c.obj
LOAD CMakeFiles/project.elf.dir/Drivers/STM32F3xx_HAL_Driver/Src/stm32f3xx_hal_spi_ex.c.obj
LOAD CMakeFiles/project.elf.dir/Drivers/STM32F3xx_HAL_Driver/Src/stm32f3xx_hal_tim.c.obj
LOAD CMakeFiles/project.elf.dir/Drivers/STM32F3xx_HAL_Driver/Src/stm32f3xx_hal_tim_ex.c.obj
LOAD CMakeFiles/project.elf.dir/Drivers/STM32F3xx_HAL_Driver/Src/stm32f3xx_ll_usb.c.obj
LOAD CMakeFiles/project.elf.dir/Middlewares/ST/STM32_USB_Device_Library/Class/CDC/Src/usbd_cdc.c.obj
LOAD CMakeFiles/project.elf.dir/Middlewares/ST/STM32_USB_Device_Library/Core/Src/usbd_core.c.obj
LOAD CMakeFiles/project.elf.dir/Middlewares/ST/STM32_USB_Device_Library/Core/Src/usbd_ctlreq.c.obj
LOAD CMakeFiles/project.elf.dir/Middlewares/ST/STM32_USB_Device_Library/Core/Src/usbd_ioreq.c.obj
LOAD CMakeFiles/project.elf.dir/USB_DEVICE/App/usb_device.c.obj
LOAD CMakeFiles/project.elf.dir/USB_DEVICE/App/usbd_cdc_if.c.obj
LOAD CMakeFiles/project.elf.dir/USB_DEVICE/App/usbd_desc.c.obj
LOAD CMakeFiles/project.elf.dir/USB_DEVICE/Target/usbd_conf.c.obj
START GROUP
LOAD c:/progra~2/armgnu~1/1213fb~1.2mp/bin/../lib/gcc/arm-none-eabi/12.2.0/thumb/v7e-m/nofp\libgcc.a
LOAD c:/progra~2/armgnu~1/1213fb~1.2mp/bin/../lib/gcc/arm-none-eabi/12.2.0/thumb/v7e-m/nofp\libg.a
LOAD c:/progra~2/armgnu~1/1213fb~1.2mp/bin/../lib/gcc/arm-none-eabi/12.2.0/thumb/v7e-m/nofp\libc.a
END GROUP
LOAD c:/progra~2/armgnu~1/1213fb~1.2mp/bin/../lib/gcc/arm-none-eabi/12.2.0/thumb/v7e-m/nofp/crtend.o
LOAD c:/progra~2/armgnu~1/1213fb~1.2mp/bin/../lib/gcc/arm-none-eabi/12.2.0/thumb/v7e-m/nofp/crtn.o
                0x2000a000                        _estack = (ORIGIN (RAM) + LENGTH (RAM))
                0x00000200                        _Min_Heap_Size = 0x200
                0x00000400                        _Min_Stack_Size = 0x400

.isr_vector     0x08000000      0x188
                0x08000000                        . = ALIGN (0x4)
 *(.isr_vector)
 .isr_vector    0x08000000      0x188 CMakeFiles/project.elf.dir/Core/Startup/startup_stm32f303vctx.s.obj
                0x08000000                g_pfnVectors
                0x08000188                        . = ALIGN (0x4)

.text           0x080001c0     0xd6e4
                0x080001c0                        . = ALIGN (0x4)
 *(.text)
 .text          0x080001c0      0x378 c:/progra~2/armgnu~1/1213fb~1.2mp/bin/../lib/gcc/arm-none-eabi/12.2.0/thumb/v7e-m/nofp\libgcc.a(_arm_addsubdf3.o)
                0x080001c0                __aeabi_drsub
                0x080001c8                __aeabi_dsub
                0x080001c8                __subdf3
                0x080001cc                __aeabi_dadd
                0x080001cc                __adddf3
                0x08000444                __floatunsidf
                0x08000444                __aeabi_ui2d
                0x08000464                __floatsidf
                0x08000464                __aeabi_i2d
                0x08000488                __aeabi_f2d
                0x08000488                __extendsfdf2
                0x080004cc                __floatundidf
                0x080004cc                __aeabi_ul2d
                0x080004dc                __floatdidf
                0x080004dc                __aeabi_l2d
 .text          0x08000538       0xa0 c:/progra~2/armgnu~1/1213fb~1.2mp/bin/../lib/gcc/arm-none-eabi/12.2.0/thumb/v7e-m/nofp\libgcc.a(_arm_truncdfsf2.o)
                0x08000538                __truncdfsf2
                0x08000538                __aeabi_d2f
 .text          0x080005d8      0x21c c:/progra~2/armgnu~1/1213fb~1.2mp/bin/../lib/gcc/arm-none-eabi/12.2.0/thumb/v7e-m/nofp\libgcc.a(_arm_addsubsf3.o)
                0x080005d8                __aeabi_frsub
                0x080005e0                __subsf3
                0x080005e0                __aeabi_fsub
                0x080005e4                __aeabi_fadd
                0x080005e4                __addsf3
                0x08000744                __aeabi_ui2f
                0x08000744                __floatunsisf
                0x0800074c                __aeabi_i2f
                0x0800074c                __floatsisf
                0x08000768                __aeabi_ul2f
                0x08000768                __floatundisf
                0x08000778                __aeabi_l2f
                0x08000778                __floatdisf
 .text          0x080007f4       0xec c:/progra~2/armgnu~1/1213fb~1.2mp/bin/../lib/gcc/arm-none-eabi/12.2.0/thumb/v7e-m/nofp\libgcc.a(_arm_cmpsf2.o)
                0x080007f4                __gesf2
                0x080007f4                __gtsf2
                0x080007fc                __lesf2
                0x080007fc                __ltsf2
                0x08000804                __nesf2
                0x08000804                __eqsf2
                0x08000804                __cmpsf2
                0x08000864                __aeabi_cfrcmple
                0x0800086c                __aeabi_cfcmpeq
                0x0800086c                __aeabi_cfcmple
                0x0800087c                __aeabi_fcmpeq
                0x08000890                __aeabi_fcmplt
                0x080008a4                __aeabi_fcmple
                0x080008b8                __aeabi_fcmpge
                0x080008cc                __aeabi_fcmpgt
 *fill*         0x080008e0       0x20 
 .text          0x08000900       0xd8 c:/progra~2/armgnu~1/1213fb~1.2mp/bin/../lib/gcc/arm-none-eabi/12.2.0/thumb/v7e-m/nofp\libg.a(libc_a-strlen.o)
                0x08000900                strlen
 *fill*         0x080009d8        0x8 
 .text          0x080009e0       0xa0 c:/progra~2/armgnu~1/1213fb~1.2mp/bin/../lib/gcc/arm-none-eabi/12.2.0/thumb/v7e-m/nofp\libg.a(libc_a-memchr.o)
                0x080009e0                memchr
 .text          0x08000a80      0x134 c:/progra~2/armgnu~1/1213fb~1.2mp/bin/../lib/gcc/arm-none-eabi/12.2.0/thumb/v7e-m/nofp\libg.a(libc_a-memcpy.o)
                0x08000a80                memcpy
 .text          0x08000bb4      0x424 c:/progra~2/armgnu~1/1213fb~1.2mp/bin/../lib/gcc/arm-none-eabi/12.2.0/thumb/v7e-m/nofp\libgcc.a(_arm_muldivdf3.o)
                0x08000bb4                __aeabi_dmul
                0x08000bb4                __muldf3
                0x08000e08                __divdf3
                0x08000e08                __aeabi_ddiv
 .text          0x08000fd8      0x110 c:/progra~2/armgnu~1/1213fb~1.2mp/bin/../lib/gcc/arm-none-eabi/12.2.0/thumb/v7e-m/nofp\libgcc.a(_arm_cmpdf2.o)
                0x08000fd8                __gtdf2
                0x08000fd8                __gedf2
                0x08000fe0                __ltdf2
                0x08000fe0                __ledf2
                0x08000fe8                __nedf2
                0x08000fe8                __eqdf2
                0x08000fe8                __cmpdf2
                0x08001064                __aeabi_cdrcmple
                0x08001074                __aeabi_cdcmpeq
                0x08001074                __aeabi_cdcmple
                0x08001084                __aeabi_dcmpeq
                0x08001098                __aeabi_dcmplt
                0x080010ac                __aeabi_dcmple
                0x080010c0                __aeabi_dcmpge
                0x080010d4                __aeabi_dcmpgt
 .text          0x080010e8       0x2c c:/progra~2/armgnu~1/1213fb~1.2mp/bin/../lib/gcc/arm-none-eabi/12.2.0/thumb/v7e-m/nofp\libgcc.a(_arm_unorddf2.o)
                0x080010e8                __unorddf2
                0x080010e8                __aeabi_dcmpun
 .text          0x08001114       0x50 c:/progra~2/armgnu~1/1213fb~1.2mp/bin/../lib/gcc/arm-none-eabi/12.2.0/thumb/v7e-m/nofp\libgcc.a(_arm_fixdfsi.o)
                0x08001114                __aeabi_d2iz
                0x08001114                __fixdfsi
 .text          0x08001164      0x2a0 c:/progra~2/armgnu~1/1213fb~1.2mp/bin/../lib/gcc/arm-none-eabi/12.2.0/thumb/v7e-m/nofp\libgcc.a(_arm_muldivsf3.o)
                0x08001164                __mulsf3
                0x08001164                __aeabi_fmul
                0x080012cc                __aeabi_fdiv
                0x080012cc                __divsf3
 .text          0x08001404       0x2c c:/progra~2/armgnu~1/1213fb~1.2mp/bin/../lib/gcc/arm-none-eabi/12.2.0/thumb/v7e-m/nofp\libgcc.a(_arm_unordsf2.o)
                0x08001404                __unordsf2
                0x08001404                __aeabi_fcmpun
 *(.text*)
 .text.deregister_tm_clones
                0x08001430       0x1c c:/progra~2/armgnu~1/1213fb~1.2mp/bin/../lib/gcc/arm-none-eabi/12.2.0/thumb/v7e-m/nofp/crtbegin.o
 .text.register_tm_clones
                0x0800144c       0x24 c:/progra~2/armgnu~1/1213fb~1.2mp/bin/../lib/gcc/arm-none-eabi/12.2.0/thumb/v7e-m/nofp/crtbegin.o
 .text.__do_global_dtors_aux
                0x08001470       0x28 c:/progra~2/armgnu~1/1213fb~1.2mp/bin/../lib/gcc/arm-none-eabi/12.2.0/thumb/v7e-m/nofp/crtbegin.o
 .text.frame_dummy
                0x08001498       0x24 c:/progra~2/armgnu~1/1213fb~1.2mp/bin/../lib/gcc/arm-none-eabi/12.2.0/thumb/v7e-m/nofp/crtbegin.o
 .text.MX_GPIO_Init
                0x080014bc       0xf4 CMakeFiles/project.elf.dir/Core/Src/main.c.obj
 .text.pause    0x080015b0       0x10 CMakeFiles/project.elf.dir/Core/Src/main.c.obj
                0x080015b0                pause
 .text.SPI1_write
                0x080015c0       0x58 CMakeFiles/project.elf.dir/Core/Src/main.c.obj
                0x080015c0                SPI1_write
 .text.SPI1_read
                0x08001618       0x64 CMakeFiles/project.elf.dir/Core/Src/main.c.obj
                0x08001618                SPI1_read
 .text.I2C1_write
                0x0800167c       0x30 CMakeFiles/project.elf.dir/Core/Src/main.c.obj
                0x0800167c                I2C1_write
 .text.I2C1_read
                0x080016ac       0x30 CMakeFiles/project.elf.dir/Core/Src/main.c.obj
                0x080016ac                I2C1_read
 .text.initL3GD20
                0x080016dc       0x2e CMakeFiles/project.elf.dir/Core/Src/main.c.obj
                0x080016dc                initL3GD20
 .text.initLSM303DLHC
                0x0800170a       0x38 CMakeFiles/project.elf.dir/Core/Src/main.c.obj
                0x0800170a                initLSM303DLHC
 .text.readGyro_raw
                0x08001742       0x42 CMakeFiles/project.elf.dir/Core/Src/main.c.obj
                0x08001742                readGyro_raw
 .text.readGyro
                0x08001784       0x3c CMakeFiles/project.elf.dir/Core/Src/main.c.obj
                0x08001784                readGyro
 .text.readACC_raw
                0x080017c0       0x4e CMakeFiles/project.elf.dir/Core/Src/main.c.obj
                0x080017c0                readACC_raw
 *fill*         0x0800180e        0x2 
 .text.readACC  0x08001810       0x34 CMakeFiles/project.elf.dir/Core/Src/main.c.obj
                0x08001810                readACC
 *fill*         0x08001844        0x4 
 .text.process_status
                0x08001848      0x124 CMakeFiles/project.elf.dir/Core/Src/main.c.obj
                0x08001848                process_status
 .text.HAL_GPIO_EXTI_Callback
                0x0800196c       0x68 CMakeFiles/project.elf.dir/Core/Src/main.c.obj
                0x0800196c                HAL_GPIO_EXTI_Callback
 .text.Error_Handler
                0x080019d4        0x4 CMakeFiles/project.elf.dir/Core/Src/main.c.obj
                0x080019d4                Error_Handler
 .text.MX_I2C1_Init
                0x080019d8       0x50 CMakeFiles/project.elf.dir/Core/Src/main.c.obj
 .text.MX_SPI1_Init
                0x08001a28       0x4c CMakeFiles/project.elf.dir/Core/Src/main.c.obj
 .text.SystemClock_Config
                0x08001a74       0x90 CMakeFiles/project.elf.dir/Core/Src/main.c.obj
                0x08001a74                SystemClock_Config
 *fill*         0x08001b04        0x4 
 .text.main     0x08001b08      0x2d8 CMakeFiles/project.elf.dir/Core/Src/main.c.obj
                0x08001b08                main
 .text.HAL_MspInit
                0x08001de0       0x3c CMakeFiles/project.elf.dir/Core/Src/stm32f3xx_hal_msp.c.obj
                0x08001de0                HAL_MspInit
 .text.HAL_I2C_MspInit
                0x08001e1c       0x6c CMakeFiles/project.elf.dir/Core/Src/stm32f3xx_hal_msp.c.obj
                0x08001e1c                HAL_I2C_MspInit
 .text.HAL_SPI_MspInit
                0x08001e88       0x68 CMakeFiles/project.elf.dir/Core/Src/stm32f3xx_hal_msp.c.obj
                0x08001e88                HAL_SPI_MspInit
 .text.NMI_Handler
                0x08001ef0        0x2 CMakeFiles/project.elf.dir/Core/Src/stm32f3xx_it.c.obj
                0x08001ef0                NMI_Handler
 .text.HardFault_Handler
                0x08001ef2        0x2 CMakeFiles/project.elf.dir/Core/Src/stm32f3xx_it.c.obj
                0x08001ef2                HardFault_Handler
 .text.MemManage_Handler
                0x08001ef4        0x2 CMakeFiles/project.elf.dir/Core/Src/stm32f3xx_it.c.obj
                0x08001ef4                MemManage_Handler
 .text.BusFault_Handler
                0x08001ef6        0x2 CMakeFiles/project.elf.dir/Core/Src/stm32f3xx_it.c.obj
                0x08001ef6                BusFault_Handler
 .text.UsageFault_Handler
                0x08001ef8        0x2 CMakeFiles/project.elf.dir/Core/Src/stm32f3xx_it.c.obj
                0x08001ef8                UsageFault_Handler
 .text.SVC_Handler
                0x08001efa        0x2 CMakeFiles/project.elf.dir/Core/Src/stm32f3xx_it.c.obj
                0x08001efa                SVC_Handler
 .text.DebugMon_Handler
                0x08001efc        0x2 CMakeFiles/project.elf.dir/Core/Src/stm32f3xx_it.c.obj
                0x08001efc                DebugMon_Handler
 .text.PendSV_Handler
                0x08001efe        0x2 CMakeFiles/project.elf.dir/Core/Src/stm32f3xx_it.c.obj
                0x08001efe                PendSV_Handler
 .text.SysTick_Handler
                0x08001f00        0x8 CMakeFiles/project.elf.dir/Core/Src/stm32f3xx_it.c.obj
                0x08001f00                SysTick_Handler
 .text.EXTI1_IRQHandler
                0x08001f08        0xa CMakeFiles/project.elf.dir/Core/Src/stm32f3xx_it.c.obj
                0x08001f08                EXTI1_IRQHandler
 .text.EXTI4_IRQHandler
                0x08001f12        0xa CMakeFiles/project.elf.dir/Core/Src/stm32f3xx_it.c.obj
                0x08001f12                EXTI4_IRQHandler
 .text.USB_LP_CAN_RX0_IRQHandler
                0x08001f1c       0x10 CMakeFiles/project.elf.dir/Core/Src/stm32f3xx_it.c.obj
                0x08001f1c                USB_LP_CAN_RX0_IRQHandler
 .text._getpid  0x08001f2c        0x4 CMakeFiles/project.elf.dir/Core/Src/syscalls.c.obj
                0x08001f2c                _getpid
 .text._kill    0x08001f30       0x10 CMakeFiles/project.elf.dir/Core/Src/syscalls.c.obj
                0x08001f30                _kill
 .text._exit    0x08001f40        0xc CMakeFiles/project.elf.dir/Core/Src/syscalls.c.obj
                0x08001f40                _exit
 .text._read    0x08001f4c       0x20 CMakeFiles/project.elf.dir/Core/Src/syscalls.c.obj
                0x08001f4c                _read
 .text._write   0x08001f6c       0x1c CMakeFiles/project.elf.dir/Core/Src/syscalls.c.obj
                0x08001f6c                _write
 .text._close   0x08001f88        0x6 CMakeFiles/project.elf.dir/Core/Src/syscalls.c.obj
                0x08001f88                _close
 .text._fstat   0x08001f8e        0xa CMakeFiles/project.elf.dir/Core/Src/syscalls.c.obj
                0x08001f8e                _fstat
 .text._isatty  0x08001f98        0x4 CMakeFiles/project.elf.dir/Core/Src/syscalls.c.obj
                0x08001f98                _isatty
 .text._lseek   0x08001f9c        0x4 CMakeFiles/project.elf.dir/Core/Src/syscalls.c.obj
                0x08001f9c                _lseek
 .text._sbrk    0x08001fa0       0x48 CMakeFiles/project.elf.dir/Core/Src/sysmem.c.obj
                0x08001fa0                _sbrk
 .text.SystemInit
                0x08001fe8        0x2 CMakeFiles/project.elf.dir/Core/Src/system_stm32f3xx.c.obj
                0x08001fe8                SystemInit
 *fill*         0x08001fea        0x2 
 .text.Reset_Handler
                0x08001fec       0x50 CMakeFiles/project.elf.dir/Core/Startup/startup_stm32f303vctx.s.obj
                0x08001fec                Reset_Handler
 .text.Default_Handler
                0x0800203c        0x2 CMakeFiles/project.elf.dir/Core/Startup/startup_stm32f303vctx.s.obj
                0x0800203c                RTC_Alarm_IRQHandler
                0x0800203c                TIM8_TRG_COM_IRQHandler
                0x0800203c                TIM8_CC_IRQHandler
                0x0800203c                TIM1_CC_IRQHandler
                0x0800203c                USB_HP_IRQHandler
                0x0800203c                PVD_IRQHandler
                0x0800203c                TAMP_STAMP_IRQHandler
                0x0800203c                EXTI3_IRQHandler
                0x0800203c                USB_HP_CAN_TX_IRQHandler
                0x0800203c                EXTI0_IRQHandler
                0x0800203c                I2C2_EV_IRQHandler
                0x0800203c                FPU_IRQHandler
                0x0800203c                TIM1_UP_TIM16_IRQHandler
                0x0800203c                ADC1_2_IRQHandler
                0x0800203c                SPI1_IRQHandler
                0x0800203c                CAN_SCE_IRQHandler
                0x0800203c                TIM6_DAC_IRQHandler
                0x0800203c                TIM8_UP_IRQHandler
                0x0800203c                DMA2_Channel2_IRQHandler
                0x0800203c                DMA1_Channel4_IRQHandler
                0x0800203c                USART3_IRQHandler
                0x0800203c                DMA1_Channel7_IRQHandler
                0x0800203c                UART5_IRQHandler
                0x0800203c                ADC3_IRQHandler
                0x0800203c                TIM4_IRQHandler
                0x0800203c                CAN_RX1_IRQHandler
                0x0800203c                DMA2_Channel1_IRQHandler
                0x0800203c                I2C1_EV_IRQHandler
                0x0800203c                DMA1_Channel6_IRQHandler
                0x0800203c                UART4_IRQHandler
                0x0800203c                DMA2_Channel4_IRQHandler
                0x0800203c                TIM3_IRQHandler
                0x0800203c                RCC_IRQHandler
                0x0800203c                DMA1_Channel1_IRQHandler
                0x0800203c                Default_Handler
                0x0800203c                USBWakeUp_RMP_IRQHandler
                0x0800203c                EXTI15_10_IRQHandler
                0x0800203c                TIM7_IRQHandler
                0x0800203c                EXTI9_5_IRQHandler
                0x0800203c                RTC_WKUP_IRQHandler
                0x0800203c                SPI2_IRQHandler
                0x0800203c                DMA2_Channel5_IRQHandler
                0x0800203c                DMA1_Channel5_IRQHandler
                0x0800203c                USB_LP_IRQHandler
                0x0800203c                TIM1_TRG_COM_TIM17_IRQHandler
                0x0800203c                DMA1_Channel3_IRQHandler
                0x0800203c                ADC4_IRQHandler
                0x0800203c                WWDG_IRQHandler
                0x0800203c                TIM2_IRQHandler
                0x0800203c                COMP7_IRQHandler
                0x0800203c                COMP1_2_3_IRQHandler
                0x0800203c                USART2_IRQHandler
                0x0800203c                COMP4_5_6_IRQHandler
                0x0800203c                I2C2_ER_IRQHandler
                0x0800203c                DMA1_Channel2_IRQHandler
                0x0800203c                TIM8_BRK_IRQHandler
                0x0800203c                FLASH_IRQHandler
                0x0800203c                USART1_IRQHandler
                0x0800203c                SPI3_IRQHandler
                0x0800203c                I2C1_ER_IRQHandler
                0x0800203c                USBWakeUp_IRQHandler
                0x0800203c                DMA2_Channel3_IRQHandler
                0x0800203c                EXTI2_TSC_IRQHandler
                0x0800203c                TIM1_BRK_TIM15_IRQHandler
 *fill*         0x0800203e        0x2 
 .text.HAL_InitTick
                0x08002040       0x4c CMakeFiles/project.elf.dir/Drivers/STM32F3xx_HAL_Driver/Src/stm32f3xx_hal.c.obj
                0x08002040                HAL_InitTick
 .text.HAL_Init
                0x0800208c       0x24 CMakeFiles/project.elf.dir/Drivers/STM32F3xx_HAL_Driver/Src/stm32f3xx_hal.c.obj
                0x0800208c                HAL_Init
 .text.HAL_IncTick
                0x080020b0       0x18 CMakeFiles/project.elf.dir/Drivers/STM32F3xx_HAL_Driver/Src/stm32f3xx_hal.c.obj
                0x080020b0                HAL_IncTick
 .text.HAL_GetTick
                0x080020c8        0xc CMakeFiles/project.elf.dir/Drivers/STM32F3xx_HAL_Driver/Src/stm32f3xx_hal.c.obj
                0x080020c8                HAL_GetTick
 .text.HAL_Delay
                0x080020d4       0x28 CMakeFiles/project.elf.dir/Drivers/STM32F3xx_HAL_Driver/Src/stm32f3xx_hal.c.obj
                0x080020d4                HAL_Delay
 .text.__NVIC_SetPriority
                0x080020fc       0x28 CMakeFiles/project.elf.dir/Drivers/STM32F3xx_HAL_Driver/Src/stm32f3xx_hal_cortex.c.obj
 .text.NVIC_EncodePriority
                0x08002124       0x3e CMakeFiles/project.elf.dir/Drivers/STM32F3xx_HAL_Driver/Src/stm32f3xx_hal_cortex.c.obj
 *fill*         0x08002162        0x2 
 .text.HAL_NVIC_SetPriorityGrouping
                0x08002164       0x24 CMakeFiles/project.elf.dir/Drivers/STM32F3xx_HAL_Driver/Src/stm32f3xx_hal_cortex.c.obj
                0x08002164                HAL_NVIC_SetPriorityGrouping
 .text.HAL_NVIC_SetPriority
                0x08002188       0x20 CMakeFiles/project.elf.dir/Drivers/STM32F3xx_HAL_Driver/Src/stm32f3xx_hal_cortex.c.obj
                0x08002188                HAL_NVIC_SetPriority
 .text.HAL_NVIC_EnableIRQ
                0x080021a8       0x1c CMakeFiles/project.elf.dir/Drivers/STM32F3xx_HAL_Driver/Src/stm32f3xx_hal_cortex.c.obj
                0x080021a8                HAL_NVIC_EnableIRQ
 .text.HAL_SYSTICK_Config
                0x080021c4       0x28 CMakeFiles/project.elf.dir/Drivers/STM32F3xx_HAL_Driver/Src/stm32f3xx_hal_cortex.c.obj
                0x080021c4                HAL_SYSTICK_Config
 .text.HAL_GPIO_Init
                0x080021ec      0x1d0 CMakeFiles/project.elf.dir/Drivers/STM32F3xx_HAL_Driver/Src/stm32f3xx_hal_gpio.c.obj
                0x080021ec                HAL_GPIO_Init
 .text.HAL_GPIO_ReadPin
                0x080023bc        0xe CMakeFiles/project.elf.dir/Drivers/STM32F3xx_HAL_Driver/Src/stm32f3xx_hal_gpio.c.obj
                0x080023bc                HAL_GPIO_ReadPin
 .text.HAL_GPIO_WritePin
                0x080023ca        0xa CMakeFiles/project.elf.dir/Drivers/STM32F3xx_HAL_Driver/Src/stm32f3xx_hal_gpio.c.obj
                0x080023ca                HAL_GPIO_WritePin
 .text.HAL_GPIO_TogglePin
                0x080023d4       0x12 CMakeFiles/project.elf.dir/Drivers/STM32F3xx_HAL_Driver/Src/stm32f3xx_hal_gpio.c.obj
                0x080023d4                HAL_GPIO_TogglePin
 *fill*         0x080023e6        0x2 
 .text.HAL_GPIO_EXTI_IRQHandler
                0x080023e8       0x1c CMakeFiles/project.elf.dir/Drivers/STM32F3xx_HAL_Driver/Src/stm32f3xx_hal_gpio.c.obj
                0x080023e8                HAL_GPIO_EXTI_IRQHandler
 .text.I2C_Flush_TXDR
                0x08002404       0x22 CMakeFiles/project.elf.dir/Drivers/STM32F3xx_HAL_Driver/Src/stm32f3xx_hal_i2c.c.obj
 .text.I2C_TransferConfig
                0x08002426       0x38 CMakeFiles/project.elf.dir/Drivers/STM32F3xx_HAL_Driver/Src/stm32f3xx_hal_i2c.c.obj
 .text.I2C_IsAcknowledgeFailed
                0x0800245e       0xa0 CMakeFiles/project.elf.dir/Drivers/STM32F3xx_HAL_Driver/Src/stm32f3xx_hal_i2c.c.obj
 .text.I2C_WaitOnTXISFlagUntilTimeout
                0x080024fe       0x56 CMakeFiles/project.elf.dir/Drivers/STM32F3xx_HAL_Driver/Src/stm32f3xx_hal_i2c.c.obj
 .text.I2C_WaitOnFlagUntilTimeout
                0x08002554       0x56 CMakeFiles/project.elf.dir/Drivers/STM32F3xx_HAL_Driver/Src/stm32f3xx_hal_i2c.c.obj
 *fill*         0x080025aa        0x2 
 .text.I2C_RequestMemoryWrite
                0x080025ac       0x7c CMakeFiles/project.elf.dir/Drivers/STM32F3xx_HAL_Driver/Src/stm32f3xx_hal_i2c.c.obj
 .text.I2C_RequestMemoryRead
                0x08002628       0x78 CMakeFiles/project.elf.dir/Drivers/STM32F3xx_HAL_Driver/Src/stm32f3xx_hal_i2c.c.obj
 .text.I2C_WaitOnSTOPFlagUntilTimeout
                0x080026a0       0x50 CMakeFiles/project.elf.dir/Drivers/STM32F3xx_HAL_Driver/Src/stm32f3xx_hal_i2c.c.obj
 .text.HAL_I2C_Init
                0x080026f0       0xbc CMakeFiles/project.elf.dir/Drivers/STM32F3xx_HAL_Driver/Src/stm32f3xx_hal_i2c.c.obj
                0x080026f0                HAL_I2C_Init
 .text.HAL_I2C_Mem_Write
                0x080027ac      0x1a8 CMakeFiles/project.elf.dir/Drivers/STM32F3xx_HAL_Driver/Src/stm32f3xx_hal_i2c.c.obj
                0x080027ac                HAL_I2C_Mem_Write
 .text.HAL_I2C_Mem_Read
                0x08002954      0x1b0 CMakeFiles/project.elf.dir/Drivers/STM32F3xx_HAL_Driver/Src/stm32f3xx_hal_i2c.c.obj
                0x08002954                HAL_I2C_Mem_Read
 .text.HAL_I2CEx_ConfigAnalogFilter
                0x08002b04       0x5c CMakeFiles/project.elf.dir/Drivers/STM32F3xx_HAL_Driver/Src/stm32f3xx_hal_i2c_ex.c.obj
                0x08002b04                HAL_I2CEx_ConfigAnalogFilter
 .text.HAL_I2CEx_ConfigDigitalFilter
                0x08002b60       0x58 CMakeFiles/project.elf.dir/Drivers/STM32F3xx_HAL_Driver/Src/stm32f3xx_hal_i2c_ex.c.obj
                0x08002b60                HAL_I2CEx_ConfigDigitalFilter
 .text.HAL_PCD_EP_DB_Receive
                0x08002bb8      0x120 CMakeFiles/project.elf.dir/Drivers/STM32F3xx_HAL_Driver/Src/stm32f3xx_hal_pcd.c.obj
 .text.HAL_PCD_Init
                0x08002cd8       0xd2 CMakeFiles/project.elf.dir/Drivers/STM32F3xx_HAL_Driver/Src/stm32f3xx_hal_pcd.c.obj
                0x08002cd8                HAL_PCD_Init
 .text.HAL_PCD_Start
                0x08002daa       0x32 CMakeFiles/project.elf.dir/Drivers/STM32F3xx_HAL_Driver/Src/stm32f3xx_hal_pcd.c.obj
                0x08002daa                HAL_PCD_Start
 .text.HAL_PCD_EP_DB_Transmit
                0x08002ddc      0x420 CMakeFiles/project.elf.dir/Drivers/STM32F3xx_HAL_Driver/Src/stm32f3xx_hal_pcd.c.obj
 .text.PCD_EP_ISR_Handler
                0x080031fc      0x530 CMakeFiles/project.elf.dir/Drivers/STM32F3xx_HAL_Driver/Src/stm32f3xx_hal_pcd.c.obj
 .text.HAL_PCD_SetAddress
                0x0800372c       0x28 CMakeFiles/project.elf.dir/Drivers/STM32F3xx_HAL_Driver/Src/stm32f3xx_hal_pcd.c.obj
                0x0800372c                HAL_PCD_SetAddress
 .text.HAL_PCD_IRQHandler
                0x08003754      0x158 CMakeFiles/project.elf.dir/Drivers/STM32F3xx_HAL_Driver/Src/stm32f3xx_hal_pcd.c.obj
                0x08003754                HAL_PCD_IRQHandler
 .text.HAL_PCD_EP_Open
                0x080038ac       0x84 CMakeFiles/project.elf.dir/Drivers/STM32F3xx_HAL_Driver/Src/stm32f3xx_hal_pcd.c.obj
                0x080038ac                HAL_PCD_EP_Open
 .text.HAL_PCD_EP_Close
                0x08003930       0x64 CMakeFiles/project.elf.dir/Drivers/STM32F3xx_HAL_Driver/Src/stm32f3xx_hal_pcd.c.obj
                0x08003930                HAL_PCD_EP_Close
 .text.HAL_PCD_EP_Receive
                0x08003994       0x44 CMakeFiles/project.elf.dir/Drivers/STM32F3xx_HAL_Driver/Src/stm32f3xx_hal_pcd.c.obj
                0x08003994                HAL_PCD_EP_Receive
 .text.HAL_PCD_EP_GetRxCount
                0x080039d8       0x12 CMakeFiles/project.elf.dir/Drivers/STM32F3xx_HAL_Driver/Src/stm32f3xx_hal_pcd.c.obj
                0x080039d8                HAL_PCD_EP_GetRxCount
 .text.HAL_PCD_EP_Transmit
                0x080039ea       0x50 CMakeFiles/project.elf.dir/Drivers/STM32F3xx_HAL_Driver/Src/stm32f3xx_hal_pcd.c.obj
                0x080039ea                HAL_PCD_EP_Transmit
 .text.HAL_PCD_EP_SetStall
                0x08003a3a       0x6a CMakeFiles/project.elf.dir/Drivers/STM32F3xx_HAL_Driver/Src/stm32f3xx_hal_pcd.c.obj
                0x08003a3a                HAL_PCD_EP_SetStall
 .text.HAL_PCD_EP_ClrStall
                0x08003aa4       0x76 CMakeFiles/project.elf.dir/Drivers/STM32F3xx_HAL_Driver/Src/stm32f3xx_hal_pcd.c.obj
                0x08003aa4                HAL_PCD_EP_ClrStall
 .text.HAL_PCDEx_PMAConfig
                0x08003b1a       0x38 CMakeFiles/project.elf.dir/Drivers/STM32F3xx_HAL_Driver/Src/stm32f3xx_hal_pcd_ex.c.obj
                0x08003b1a                HAL_PCDEx_PMAConfig
 *fill*         0x08003b52        0x2 
 .text.HAL_RCC_OscConfig
                0x08003b54      0x630 CMakeFiles/project.elf.dir/Drivers/STM32F3xx_HAL_Driver/Src/stm32f3xx_hal_rcc.c.obj
                0x08003b54                HAL_RCC_OscConfig
 .text.HAL_RCC_GetSysClockFreq
                0x08004184       0x70 CMakeFiles/project.elf.dir/Drivers/STM32F3xx_HAL_Driver/Src/stm32f3xx_hal_rcc.c.obj
                0x08004184                HAL_RCC_GetSysClockFreq
 .text.HAL_RCC_ClockConfig
                0x080041f4      0x1a8 CMakeFiles/project.elf.dir/Drivers/STM32F3xx_HAL_Driver/Src/stm32f3xx_hal_rcc.c.obj
                0x080041f4                HAL_RCC_ClockConfig
 .text.HAL_RCCEx_PeriphCLKConfig
                0x0800439c      0x260 CMakeFiles/project.elf.dir/Drivers/STM32F3xx_HAL_Driver/Src/stm32f3xx_hal_rcc_ex.c.obj
                0x0800439c                HAL_RCCEx_PeriphCLKConfig
 .text.SPI_WaitFlagStateUntilTimeout
                0x080045fc       0xc8 CMakeFiles/project.elf.dir/Drivers/STM32F3xx_HAL_Driver/Src/stm32f3xx_hal_spi.c.obj
 .text.SPI_WaitFifoStateUntilTimeout
                0x080046c4       0xf0 CMakeFiles/project.elf.dir/Drivers/STM32F3xx_HAL_Driver/Src/stm32f3xx_hal_spi.c.obj
 .text.SPI_EndRxTxTransaction
                0x080047b4       0x62 CMakeFiles/project.elf.dir/Drivers/STM32F3xx_HAL_Driver/Src/stm32f3xx_hal_spi.c.obj
 .text.SPI_EndRxTransaction
                0x08004816       0x82 CMakeFiles/project.elf.dir/Drivers/STM32F3xx_HAL_Driver/Src/stm32f3xx_hal_spi.c.obj
 .text.HAL_SPI_Init
                0x08004898       0xe8 CMakeFiles/project.elf.dir/Drivers/STM32F3xx_HAL_Driver/Src/stm32f3xx_hal_spi.c.obj
                0x08004898                HAL_SPI_Init
 .text.HAL_SPI_Transmit
                0x08004980      0x202 CMakeFiles/project.elf.dir/Drivers/STM32F3xx_HAL_Driver/Src/stm32f3xx_hal_spi.c.obj
                0x08004980                HAL_SPI_Transmit
 .text.HAL_SPI_TransmitReceive
                0x08004b82      0x2de CMakeFiles/project.elf.dir/Drivers/STM32F3xx_HAL_Driver/Src/stm32f3xx_hal_spi.c.obj
                0x08004b82                HAL_SPI_TransmitReceive
 .text.HAL_SPI_Receive
                0x08004e60      0x1aa CMakeFiles/project.elf.dir/Drivers/STM32F3xx_HAL_Driver/Src/stm32f3xx_hal_spi.c.obj
                0x08004e60                HAL_SPI_Receive
 .text.USB_EnableGlobalInt
                0x0800500a       0x12 CMakeFiles/project.elf.dir/Drivers/STM32F3xx_HAL_Driver/Src/stm32f3xx_ll_usb.c.obj
                0x0800500a                USB_EnableGlobalInt
 .text.USB_DisableGlobalInt
                0x0800501c       0x14 CMakeFiles/project.elf.dir/Drivers/STM32F3xx_HAL_Driver/Src/stm32f3xx_ll_usb.c.obj
                0x0800501c                USB_DisableGlobalInt
 .text.USB_DevInit
                0x08005030       0x22 CMakeFiles/project.elf.dir/Drivers/STM32F3xx_HAL_Driver/Src/stm32f3xx_ll_usb.c.obj
                0x08005030                USB_DevInit
 .text.USB_ActivateEndpoint
                0x08005052      0x39c CMakeFiles/project.elf.dir/Drivers/STM32F3xx_HAL_Driver/Src/stm32f3xx_ll_usb.c.obj
                0x08005052                USB_ActivateEndpoint
 .text.USB_DeactivateEndpoint
                0x080053ee      0x1d6 CMakeFiles/project.elf.dir/Drivers/STM32F3xx_HAL_Driver/Src/stm32f3xx_ll_usb.c.obj
                0x080053ee                USB_DeactivateEndpoint
 .text.USB_EPSetStall
                0x080055c4       0x4a CMakeFiles/project.elf.dir/Drivers/STM32F3xx_HAL_Driver/Src/stm32f3xx_ll_usb.c.obj
                0x080055c4                USB_EPSetStall
 .text.USB_EPClearStall
                0x0800560e       0xa2 CMakeFiles/project.elf.dir/Drivers/STM32F3xx_HAL_Driver/Src/stm32f3xx_ll_usb.c.obj
                0x0800560e                USB_EPClearStall
 .text.USB_SetDevAddress
                0x080056b0        0xc CMakeFiles/project.elf.dir/Drivers/STM32F3xx_HAL_Driver/Src/stm32f3xx_ll_usb.c.obj
                0x080056b0                USB_SetDevAddress
 .text.USB_DevConnect
                0x080056bc        0x4 CMakeFiles/project.elf.dir/Drivers/STM32F3xx_HAL_Driver/Src/stm32f3xx_ll_usb.c.obj
                0x080056bc                USB_DevConnect
 .text.USB_ReadInterrupts
                0x080056c0        0x8 CMakeFiles/project.elf.dir/Drivers/STM32F3xx_HAL_Driver/Src/stm32f3xx_ll_usb.c.obj
                0x080056c0                USB_ReadInterrupts
 .text.USB_WritePMA
                0x080056c8       0x26 CMakeFiles/project.elf.dir/Drivers/STM32F3xx_HAL_Driver/Src/stm32f3xx_ll_usb.c.obj
                0x080056c8                USB_WritePMA
 .text.USB_EPStartXfer
                0x080056ee      0x768 CMakeFiles/project.elf.dir/Drivers/STM32F3xx_HAL_Driver/Src/stm32f3xx_ll_usb.c.obj
                0x080056ee                USB_EPStartXfer
 .text.USB_ReadPMA
                0x08005e56       0x30 CMakeFiles/project.elf.dir/Drivers/STM32F3xx_HAL_Driver/Src/stm32f3xx_ll_usb.c.obj
                0x08005e56                USB_ReadPMA
 .text.USBD_CDC_EP0_RxReady
                0x08005e86       0x28 CMakeFiles/project.elf.dir/Middlewares/ST/STM32_USB_Device_Library/Class/CDC/Src/usbd_cdc.c.obj
 *fill*         0x08005eae        0x2 
 .text.USBD_CDC_GetFSCfgDesc
                0x08005eb0        0xc CMakeFiles/project.elf.dir/Middlewares/ST/STM32_USB_Device_Library/Class/CDC/Src/usbd_cdc.c.obj
 .text.USBD_CDC_GetHSCfgDesc
                0x08005ebc        0xc CMakeFiles/project.elf.dir/Middlewares/ST/STM32_USB_Device_Library/Class/CDC/Src/usbd_cdc.c.obj
 .text.USBD_CDC_GetOtherSpeedCfgDesc
                0x08005ec8        0xc CMakeFiles/project.elf.dir/Middlewares/ST/STM32_USB_Device_Library/Class/CDC/Src/usbd_cdc.c.obj
 .text.USBD_CDC_GetDeviceQualifierDescriptor
                0x08005ed4        0xc CMakeFiles/project.elf.dir/Middlewares/ST/STM32_USB_Device_Library/Class/CDC/Src/usbd_cdc.c.obj
                0x08005ed4                USBD_CDC_GetDeviceQualifierDescriptor
 .text.USBD_CDC_DataOut
                0x08005ee0       0x2e CMakeFiles/project.elf.dir/Middlewares/ST/STM32_USB_Device_Library/Class/CDC/Src/usbd_cdc.c.obj
 .text.USBD_CDC_DataIn
                0x08005f0e       0x4e CMakeFiles/project.elf.dir/Middlewares/ST/STM32_USB_Device_Library/Class/CDC/Src/usbd_cdc.c.obj
 .text.USBD_CDC_Setup
                0x08005f5c       0xd6 CMakeFiles/project.elf.dir/Middlewares/ST/STM32_USB_Device_Library/Class/CDC/Src/usbd_cdc.c.obj
 .text.USBD_CDC_DeInit
                0x08006032       0x42 CMakeFiles/project.elf.dir/Middlewares/ST/STM32_USB_Device_Library/Class/CDC/Src/usbd_cdc.c.obj
 .text.USBD_CDC_Init
                0x08006074       0xaa CMakeFiles/project.elf.dir/Middlewares/ST/STM32_USB_Device_Library/Class/CDC/Src/usbd_cdc.c.obj
 .text.USBD_CDC_RegisterInterface
                0x0800611e        0xe CMakeFiles/project.elf.dir/Middlewares/ST/STM32_USB_Device_Library/Class/CDC/Src/usbd_cdc.c.obj
                0x0800611e                USBD_CDC_RegisterInterface
 .text.USBD_CDC_SetTxBuffer
                0x0800612c       0x10 CMakeFiles/project.elf.dir/Middlewares/ST/STM32_USB_Device_Library/Class/CDC/Src/usbd_cdc.c.obj
                0x0800612c                USBD_CDC_SetTxBuffer
 .text.USBD_CDC_SetRxBuffer
                0x0800613c        0xc CMakeFiles/project.elf.dir/Middlewares/ST/STM32_USB_Device_Library/Class/CDC/Src/usbd_cdc.c.obj
                0x0800613c                USBD_CDC_SetRxBuffer
 .text.USBD_CDC_TransmitPacket
                0x08006148       0x32 CMakeFiles/project.elf.dir/Middlewares/ST/STM32_USB_Device_Library/Class/CDC/Src/usbd_cdc.c.obj
                0x08006148                USBD_CDC_TransmitPacket
 .text.USBD_CDC_ReceivePacket
                0x0800617a       0x30 CMakeFiles/project.elf.dir/Middlewares/ST/STM32_USB_Device_Library/Class/CDC/Src/usbd_cdc.c.obj
                0x0800617a                USBD_CDC_ReceivePacket
 .text.USBD_Init
                0x080061aa       0x2e CMakeFiles/project.elf.dir/Middlewares/ST/STM32_USB_Device_Library/Core/Src/usbd_core.c.obj
                0x080061aa                USBD_Init
 .text.USBD_RegisterClass
                0x080061d8        0xe CMakeFiles/project.elf.dir/Middlewares/ST/STM32_USB_Device_Library/Core/Src/usbd_core.c.obj
                0x080061d8                USBD_RegisterClass
 .text.USBD_Start
                0x080061e6        0xa CMakeFiles/project.elf.dir/Middlewares/ST/STM32_USB_Device_Library/Core/Src/usbd_core.c.obj
                0x080061e6                USBD_Start
 .text.USBD_SetClassConfig
                0x080061f0       0x18 CMakeFiles/project.elf.dir/Middlewares/ST/STM32_USB_Device_Library/Core/Src/usbd_core.c.obj
                0x080061f0                USBD_SetClassConfig
 .text.USBD_ClrClassConfig
                0x08006208        0xe CMakeFiles/project.elf.dir/Middlewares/ST/STM32_USB_Device_Library/Core/Src/usbd_core.c.obj
                0x08006208                USBD_ClrClassConfig
 .text.USBD_LL_SetupStage
                0x08006216       0x5a CMakeFiles/project.elf.dir/Middlewares/ST/STM32_USB_Device_Library/Core/Src/usbd_core.c.obj
                0x08006216                USBD_LL_SetupStage
 .text.USBD_LL_DataOutStage
                0x08006270       0x8c CMakeFiles/project.elf.dir/Middlewares/ST/STM32_USB_Device_Library/Core/Src/usbd_core.c.obj
                0x08006270                USBD_LL_DataOutStage
 .text.USBD_LL_DataInStage
                0x080062fc       0xd0 CMakeFiles/project.elf.dir/Middlewares/ST/STM32_USB_Device_Library/Core/Src/usbd_core.c.obj
                0x080062fc                USBD_LL_DataInStage
 .text.USBD_LL_Reset
                0x080063cc       0x50 CMakeFiles/project.elf.dir/Middlewares/ST/STM32_USB_Device_Library/Core/Src/usbd_core.c.obj
                0x080063cc                USBD_LL_Reset
 .text.USBD_LL_SetSpeed
                0x0800641c        0x6 CMakeFiles/project.elf.dir/Middlewares/ST/STM32_USB_Device_Library/Core/Src/usbd_core.c.obj
                0x0800641c                USBD_LL_SetSpeed
 .text.USBD_LL_Suspend
                0x08006422       0x12 CMakeFiles/project.elf.dir/Middlewares/ST/STM32_USB_Device_Library/Core/Src/usbd_core.c.obj
                0x08006422                USBD_LL_Suspend
 .text.USBD_LL_Resume
                0x08006434       0x16 CMakeFiles/project.elf.dir/Middlewares/ST/STM32_USB_Device_Library/Core/Src/usbd_core.c.obj
                0x08006434                USBD_LL_Resume
 .text.USBD_LL_SOF
                0x0800644a       0x1c CMakeFiles/project.elf.dir/Middlewares/ST/STM32_USB_Device_Library/Core/Src/usbd_core.c.obj
                0x0800644a                USBD_LL_SOF
 .text.USBD_GetLen
                0x08006466       0x14 CMakeFiles/project.elf.dir/Middlewares/ST/STM32_USB_Device_Library/Core/Src/usbd_ctlreq.c.obj
 .text.USBD_SetFeature
                0x0800647a       0x14 CMakeFiles/project.elf.dir/Middlewares/ST/STM32_USB_Device_Library/Core/Src/usbd_ctlreq.c.obj
 .text.USBD_ParseSetupRequest
                0x0800648e       0x28 CMakeFiles/project.elf.dir/Middlewares/ST/STM32_USB_Device_Library/Core/Src/usbd_ctlreq.c.obj
                0x0800648e                USBD_ParseSetupRequest
 .text.USBD_CtlError
                0x080064b6       0x14 CMakeFiles/project.elf.dir/Middlewares/ST/STM32_USB_Device_Library/Core/Src/usbd_ctlreq.c.obj
                0x080064b6                USBD_CtlError
 .text.USBD_GetDescriptor
                0x080064ca      0x186 CMakeFiles/project.elf.dir/Middlewares/ST/STM32_USB_Device_Library/Core/Src/usbd_ctlreq.c.obj
 .text.USBD_SetAddress
                0x08006650       0x4e CMakeFiles/project.elf.dir/Middlewares/ST/STM32_USB_Device_Library/Core/Src/usbd_ctlreq.c.obj
 *fill*         0x0800669e        0x2 
 .text.USBD_SetConfig
                0x080066a0       0xb0 CMakeFiles/project.elf.dir/Middlewares/ST/STM32_USB_Device_Library/Core/Src/usbd_ctlreq.c.obj
 .text.USBD_GetConfig
                0x08006750       0x3e CMakeFiles/project.elf.dir/Middlewares/ST/STM32_USB_Device_Library/Core/Src/usbd_ctlreq.c.obj
 .text.USBD_GetStatus
                0x0800678e       0x38 CMakeFiles/project.elf.dir/Middlewares/ST/STM32_USB_Device_Library/Core/Src/usbd_ctlreq.c.obj
 .text.USBD_ClrFeature
                0x080067c6       0x26 CMakeFiles/project.elf.dir/Middlewares/ST/STM32_USB_Device_Library/Core/Src/usbd_ctlreq.c.obj
 .text.USBD_StdDevReq
                0x080067ec       0x68 CMakeFiles/project.elf.dir/Middlewares/ST/STM32_USB_Device_Library/Core/Src/usbd_ctlreq.c.obj
                0x080067ec                USBD_StdDevReq
 .text.USBD_StdItfReq
                0x08006854       0x60 CMakeFiles/project.elf.dir/Middlewares/ST/STM32_USB_Device_Library/Core/Src/usbd_ctlreq.c.obj
                0x08006854                USBD_StdItfReq
 .text.USBD_StdEPReq
                0x080068b4      0x1e2 CMakeFiles/project.elf.dir/Middlewares/ST/STM32_USB_Device_Library/Core/Src/usbd_ctlreq.c.obj
                0x080068b4                USBD_StdEPReq
 .text.USBD_GetString
                0x08006a96       0x3a CMakeFiles/project.elf.dir/Middlewares/ST/STM32_USB_Device_Library/Core/Src/usbd_ctlreq.c.obj
                0x08006a96                USBD_GetString
 .text.USBD_CtlSendData
                0x08006ad0       0x1a CMakeFiles/project.elf.dir/Middlewares/ST/STM32_USB_Device_Library/Core/Src/usbd_ioreq.c.obj
                0x08006ad0                USBD_CtlSendData
 .text.USBD_CtlContinueSendData
                0x08006aea       0x10 CMakeFiles/project.elf.dir/Middlewares/ST/STM32_USB_Device_Library/Core/Src/usbd_ioreq.c.obj
                0x08006aea                USBD_CtlContinueSendData
 .text.USBD_CtlPrepareRx
                0x08006afa       0x1e CMakeFiles/project.elf.dir/Middlewares/ST/STM32_USB_Device_Library/Core/Src/usbd_ioreq.c.obj
                0x08006afa                USBD_CtlPrepareRx
 .text.USBD_CtlContinueRx
                0x08006b18       0x10 CMakeFiles/project.elf.dir/Middlewares/ST/STM32_USB_Device_Library/Core/Src/usbd_ioreq.c.obj
                0x08006b18                USBD_CtlContinueRx
 .text.USBD_CtlSendStatus
                0x08006b28       0x16 CMakeFiles/project.elf.dir/Middlewares/ST/STM32_USB_Device_Library/Core/Src/usbd_ioreq.c.obj
                0x08006b28                USBD_CtlSendStatus
 .text.USBD_CtlReceiveStatus
                0x08006b3e       0x16 CMakeFiles/project.elf.dir/Middlewares/ST/STM32_USB_Device_Library/Core/Src/usbd_ioreq.c.obj
                0x08006b3e                USBD_CtlReceiveStatus
 .text.MX_USB_DEVICE_Init
                0x08006b54       0x54 CMakeFiles/project.elf.dir/USB_DEVICE/App/usb_device.c.obj
                0x08006b54                MX_USB_DEVICE_Init
 .text.CDC_DeInit_FS
                0x08006ba8        0x4 CMakeFiles/project.elf.dir/USB_DEVICE/App/usbd_cdc_if.c.obj
 .text.CDC_Control_FS
                0x08006bac        0x4 CMakeFiles/project.elf.dir/USB_DEVICE/App/usbd_cdc_if.c.obj
 .text.CDC_Receive_FS
                0x08006bb0       0x1c CMakeFiles/project.elf.dir/USB_DEVICE/App/usbd_cdc_if.c.obj
 .text.CDC_Init_FS
                0x08006bcc       0x28 CMakeFiles/project.elf.dir/USB_DEVICE/App/usbd_cdc_if.c.obj
 .text.CDC_Transmit_FS
                0x08006bf4       0x2c CMakeFiles/project.elf.dir/USB_DEVICE/App/usbd_cdc_if.c.obj
                0x08006bf4                CDC_Transmit_FS
 .text.USBD_FS_DeviceDescriptor
                0x08006c20        0xc CMakeFiles/project.elf.dir/USB_DEVICE/App/usbd_desc.c.obj
                0x08006c20                USBD_FS_DeviceDescriptor
 .text.USBD_FS_LangIDStrDescriptor
                0x08006c2c        0xc CMakeFiles/project.elf.dir/USB_DEVICE/App/usbd_desc.c.obj
                0x08006c2c                USBD_FS_LangIDStrDescriptor
 .text.IntToUnicode
                0x08006c38       0x46 CMakeFiles/project.elf.dir/USB_DEVICE/App/usbd_desc.c.obj
 *fill*         0x08006c7e        0x2 
 .text.Get_SerialNum
                0x08006c80       0x38 CMakeFiles/project.elf.dir/USB_DEVICE/App/usbd_desc.c.obj
 .text.USBD_FS_SerialStrDescriptor
                0x08006cb8       0x14 CMakeFiles/project.elf.dir/USB_DEVICE/App/usbd_desc.c.obj
                0x08006cb8                USBD_FS_SerialStrDescriptor
 .text.USBD_FS_ProductStrDescriptor
                0x08006ccc       0x24 CMakeFiles/project.elf.dir/USB_DEVICE/App/usbd_desc.c.obj
                0x08006ccc                USBD_FS_ProductStrDescriptor
 .text.USBD_FS_ManufacturerStrDescriptor
                0x08006cf0       0x1c CMakeFiles/project.elf.dir/USB_DEVICE/App/usbd_desc.c.obj
                0x08006cf0                USBD_FS_ManufacturerStrDescriptor
 .text.USBD_FS_ConfigStrDescriptor
                0x08006d0c       0x24 CMakeFiles/project.elf.dir/USB_DEVICE/App/usbd_desc.c.obj
                0x08006d0c                USBD_FS_ConfigStrDescriptor
 .text.USBD_FS_InterfaceStrDescriptor
                0x08006d30       0x24 CMakeFiles/project.elf.dir/USB_DEVICE/App/usbd_desc.c.obj
                0x08006d30                USBD_FS_InterfaceStrDescriptor
 .text.USBD_Get_USB_Status
                0x08006d54       0x14 CMakeFiles/project.elf.dir/USB_DEVICE/Target/usbd_conf.c.obj
 .text.HAL_PCD_MspInit
                0x08006d68       0x78 CMakeFiles/project.elf.dir/USB_DEVICE/Target/usbd_conf.c.obj
                0x08006d68                HAL_PCD_MspInit
 .text.HAL_PCD_SetupStageCallback
                0x08006de0       0x10 CMakeFiles/project.elf.dir/USB_DEVICE/Target/usbd_conf.c.obj
                0x08006de0                HAL_PCD_SetupStageCallback
 .text.HAL_PCD_DataOutStageCallback
                0x08006df0       0x18 CMakeFiles/project.elf.dir/USB_DEVICE/Target/usbd_conf.c.obj
                0x08006df0                HAL_PCD_DataOutStageCallback
 .text.HAL_PCD_DataInStageCallback
                0x08006e08       0x16 CMakeFiles/project.elf.dir/USB_DEVICE/Target/usbd_conf.c.obj
                0x08006e08                HAL_PCD_DataInStageCallback
 .text.HAL_PCD_SOFCallback
                0x08006e1e        0xc CMakeFiles/project.elf.dir/USB_DEVICE/Target/usbd_conf.c.obj
                0x08006e1e                HAL_PCD_SOFCallback
 .text.HAL_PCD_ResetCallback
                0x08006e2a       0x24 CMakeFiles/project.elf.dir/USB_DEVICE/Target/usbd_conf.c.obj
                0x08006e2a                HAL_PCD_ResetCallback
 *fill*         0x08006e4e        0x2 
 .text.HAL_PCD_SuspendCallback
                0x08006e50       0x20 CMakeFiles/project.elf.dir/USB_DEVICE/Target/usbd_conf.c.obj
                0x08006e50                HAL_PCD_SuspendCallback
 .text.HAL_PCD_ResumeCallback
                0x08006e70        0xc CMakeFiles/project.elf.dir/USB_DEVICE/Target/usbd_conf.c.obj
                0x08006e70                HAL_PCD_ResumeCallback
 .text.USBD_LL_Init
                0x08006e7c       0x84 CMakeFiles/project.elf.dir/USB_DEVICE/Target/usbd_conf.c.obj
                0x08006e7c                USBD_LL_Init
 .text.USBD_LL_Start
                0x08006f00       0x10 CMakeFiles/project.elf.dir/USB_DEVICE/Target/usbd_conf.c.obj
                0x08006f00                USBD_LL_Start
 .text.USBD_LL_OpenEP
                0x08006f10       0x16 CMakeFiles/project.elf.dir/USB_DEVICE/Target/usbd_conf.c.obj
                0x08006f10                USBD_LL_OpenEP
 .text.USBD_LL_CloseEP
                0x08006f26       0x10 CMakeFiles/project.elf.dir/USB_DEVICE/Target/usbd_conf.c.obj
                0x08006f26                USBD_LL_CloseEP
 .text.USBD_LL_StallEP
                0x08006f36       0x10 CMakeFiles/project.elf.dir/USB_DEVICE/Target/usbd_conf.c.obj
                0x08006f36                USBD_LL_StallEP
 .text.USBD_LL_ClearStallEP
                0x08006f46       0x10 CMakeFiles/project.elf.dir/USB_DEVICE/Target/usbd_conf.c.obj
                0x08006f46                USBD_LL_ClearStallEP
 .text.USBD_LL_IsStallEP
                0x08006f56       0x2e CMakeFiles/project.elf.dir/USB_DEVICE/Target/usbd_conf.c.obj
                0x08006f56                USBD_LL_IsStallEP
 .text.USBD_LL_SetUSBAddress
                0x08006f84       0x10 CMakeFiles/project.elf.dir/USB_DEVICE/Target/usbd_conf.c.obj
                0x08006f84                USBD_LL_SetUSBAddress
 .text.USBD_LL_Transmit
                0x08006f94       0x10 CMakeFiles/project.elf.dir/USB_DEVICE/Target/usbd_conf.c.obj
                0x08006f94                USBD_LL_Transmit
 .text.USBD_LL_PrepareReceive
                0x08006fa4       0x10 CMakeFiles/project.elf.dir/USB_DEVICE/Target/usbd_conf.c.obj
                0x08006fa4                USBD_LL_PrepareReceive
 .text.USBD_LL_GetRxDataSize
                0x08006fb4        0xc CMakeFiles/project.elf.dir/USB_DEVICE/Target/usbd_conf.c.obj
                0x08006fb4                USBD_LL_GetRxDataSize
 .text.USBD_static_malloc
                0x08006fc0        0x8 CMakeFiles/project.elf.dir/USB_DEVICE/Target/usbd_conf.c.obj
                0x08006fc0                USBD_static_malloc
 .text.USBD_static_free
                0x08006fc8        0x2 CMakeFiles/project.elf.dir/USB_DEVICE/Target/usbd_conf.c.obj
                0x08006fc8                USBD_static_free
 .text.HAL_PCDEx_SetConnectionState
                0x08006fca        0x2 CMakeFiles/project.elf.dir/USB_DEVICE/Target/usbd_conf.c.obj
                0x08006fca                HAL_PCDEx_SetConnectionState
 .text.stdio_exit_handler
                0x08006fcc       0x18 c:/progra~2/armgnu~1/1213fb~1.2mp/bin/../lib/gcc/arm-none-eabi/12.2.0/thumb/v7e-m/nofp\libg.a(libc_a-findfp.o)
 .text.cleanup_stdio
                0x08006fe4       0x40 c:/progra~2/armgnu~1/1213fb~1.2mp/bin/../lib/gcc/arm-none-eabi/12.2.0/thumb/v7e-m/nofp\libg.a(libc_a-findfp.o)
 .text.global_stdio_init.part.0
                0x08007024       0xd4 c:/progra~2/armgnu~1/1213fb~1.2mp/bin/../lib/gcc/arm-none-eabi/12.2.0/thumb/v7e-m/nofp\libg.a(libc_a-findfp.o)
 .text.__sinit  0x080070f8       0x3c c:/progra~2/armgnu~1/1213fb~1.2mp/bin/../lib/gcc/arm-none-eabi/12.2.0/thumb/v7e-m/nofp\libg.a(libc_a-findfp.o)
                0x080070f8                __sinit
 .text.__sfp_lock_acquire
                0x08007134        0xc c:/progra~2/armgnu~1/1213fb~1.2mp/bin/../lib/gcc/arm-none-eabi/12.2.0/thumb/v7e-m/nofp\libg.a(libc_a-findfp.o)
                0x08007134                __sfp_lock_acquire
 .text.__sfp_lock_release
                0x08007140        0xc c:/progra~2/armgnu~1/1213fb~1.2mp/bin/../lib/gcc/arm-none-eabi/12.2.0/thumb/v7e-m/nofp\libg.a(libc_a-findfp.o)
                0x08007140                __sfp_lock_release
 .text._fwalk_sglue
                0x0800714c       0x48 c:/progra~2/armgnu~1/1213fb~1.2mp/bin/../lib/gcc/arm-none-eabi/12.2.0/thumb/v7e-m/nofp\libg.a(libc_a-fwalk.o)
                0x0800714c                _fwalk_sglue
 .text.sprintf  0x08007194       0x40 c:/progra~2/armgnu~1/1213fb~1.2mp/bin/../lib/gcc/arm-none-eabi/12.2.0/thumb/v7e-m/nofp\libg.a(libc_a-sprintf.o)
                0x08007194                sprintf
 .text.__sread  0x080071d4       0x24 c:/progra~2/armgnu~1/1213fb~1.2mp/bin/../lib/gcc/arm-none-eabi/12.2.0/thumb/v7e-m/nofp\libg.a(libc_a-stdio.o)
                0x080071d4                __sread
 .text.__swrite
                0x080071f8       0x40 c:/progra~2/armgnu~1/1213fb~1.2mp/bin/../lib/gcc/arm-none-eabi/12.2.0/thumb/v7e-m/nofp\libg.a(libc_a-stdio.o)
                0x080071f8                __swrite
 .text.__sseek  0x08007238       0x24 c:/progra~2/armgnu~1/1213fb~1.2mp/bin/../lib/gcc/arm-none-eabi/12.2.0/thumb/v7e-m/nofp\libg.a(libc_a-stdio.o)
                0x08007238                __sseek
 .text.__sclose
                0x0800725c        0x8 c:/progra~2/armgnu~1/1213fb~1.2mp/bin/../lib/gcc/arm-none-eabi/12.2.0/thumb/v7e-m/nofp\libg.a(libc_a-stdio.o)
                0x0800725c                __sclose
 .text.memset   0x08007264       0xa4 c:/progra~2/armgnu~1/1213fb~1.2mp/bin/../lib/gcc/arm-none-eabi/12.2.0/thumb/v7e-m/nofp\libg.a(libc_a-memset.o)
                0x08007264                memset
 .text._close_r
                0x08007308       0x24 c:/progra~2/armgnu~1/1213fb~1.2mp/bin/../lib/gcc/arm-none-eabi/12.2.0/thumb/v7e-m/nofp\libg.a(libc_a-closer.o)
                0x08007308                _close_r
 .text._lseek_r
                0x0800732c       0x2c c:/progra~2/armgnu~1/1213fb~1.2mp/bin/../lib/gcc/arm-none-eabi/12.2.0/thumb/v7e-m/nofp\libg.a(libc_a-lseekr.o)
                0x0800732c                _lseek_r
 .text._read_r  0x08007358       0x2c c:/progra~2/armgnu~1/1213fb~1.2mp/bin/../lib/gcc/arm-none-eabi/12.2.0/thumb/v7e-m/nofp\libg.a(libc_a-readr.o)
                0x08007358                _read_r
 .text._write_r
                0x08007384       0x2c c:/progra~2/armgnu~1/1213fb~1.2mp/bin/../lib/gcc/arm-none-eabi/12.2.0/thumb/v7e-m/nofp\libg.a(libc_a-writer.o)
                0x08007384                _write_r
 .text.__errno  0x080073b0        0xc c:/progra~2/armgnu~1/1213fb~1.2mp/bin/../lib/gcc/arm-none-eabi/12.2.0/thumb/v7e-m/nofp\libg.a(libc_a-errno.o)
                0x080073b0                __errno
 .text.__libc_init_array
                0x080073bc       0x50 c:/progra~2/armgnu~1/1213fb~1.2mp/bin/../lib/gcc/arm-none-eabi/12.2.0/thumb/v7e-m/nofp\libg.a(libc_a-init.o)
                0x080073bc                __libc_init_array
 .text.__retarget_lock_init_recursive
                0x0800740c        0x4 c:/progra~2/armgnu~1/1213fb~1.2mp/bin/../lib/gcc/arm-none-eabi/12.2.0/thumb/v7e-m/nofp\libg.a(libc_a-lock.o)
                0x0800740c                __retarget_lock_init_recursive
 .text.__retarget_lock_close_recursive
                0x08007410        0x4 c:/progra~2/armgnu~1/1213fb~1.2mp/bin/../lib/gcc/arm-none-eabi/12.2.0/thumb/v7e-m/nofp\libg.a(libc_a-lock.o)
                0x08007410                __retarget_lock_close_recursive
 .text.__retarget_lock_acquire_recursive
                0x08007414        0x4 c:/progra~2/armgnu~1/1213fb~1.2mp/bin/../lib/gcc/arm-none-eabi/12.2.0/thumb/v7e-m/nofp\libg.a(libc_a-lock.o)
                0x08007414                __retarget_lock_acquire_recursive
 .text.__retarget_lock_release_recursive
                0x08007418        0x4 c:/progra~2/armgnu~1/1213fb~1.2mp/bin/../lib/gcc/arm-none-eabi/12.2.0/thumb/v7e-m/nofp\libg.a(libc_a-lock.o)
                0x08007418                __retarget_lock_release_recursive
 .text.strcpy   0x0800741c       0xbc c:/progra~2/armgnu~1/1213fb~1.2mp/bin/../lib/gcc/arm-none-eabi/12.2.0/thumb/v7e-m/nofp\libg.a(libc_a-strcpy.o)
                0x0800741c                strcpy
 .text.startup.register_fini
                0x080074d8       0x14 c:/progra~2/armgnu~1/1213fb~1.2mp/bin/../lib/gcc/arm-none-eabi/12.2.0/thumb/v7e-m/nofp\libg.a(libc_a-__call_atexit.o)
 .text.atexit   0x080074ec        0xc c:/progra~2/armgnu~1/1213fb~1.2mp/bin/../lib/gcc/arm-none-eabi/12.2.0/thumb/v7e-m/nofp\libg.a(libc_a-atexit.o)
                0x080074ec                atexit
 .text._malloc_trim_r
                0x080074f8       0x9c c:/progra~2/armgnu~1/1213fb~1.2mp/bin/../lib/gcc/arm-none-eabi/12.2.0/thumb/v7e-m/nofp\libg.a(libc_a-freer.o)
                0x080074f8                _malloc_trim_r
 .text._free_r  0x08007594      0x204 c:/progra~2/armgnu~1/1213fb~1.2mp/bin/../lib/gcc/arm-none-eabi/12.2.0/thumb/v7e-m/nofp\libg.a(libc_a-freer.o)
                0x08007594                _free_r
 .text._malloc_r
                0x08007798      0x54c c:/progra~2/armgnu~1/1213fb~1.2mp/bin/../lib/gcc/arm-none-eabi/12.2.0/thumb/v7e-m/nofp\libg.a(libc_a-mallocr.o)
                0x08007798                _malloc_r
 .text.__malloc_lock
                0x08007ce4        0xc c:/progra~2/armgnu~1/1213fb~1.2mp/bin/../lib/gcc/arm-none-eabi/12.2.0/thumb/v7e-m/nofp\libg.a(libc_a-mlock.o)
                0x08007ce4                __malloc_lock
 .text.__malloc_unlock
                0x08007cf0        0xc c:/progra~2/armgnu~1/1213fb~1.2mp/bin/../lib/gcc/arm-none-eabi/12.2.0/thumb/v7e-m/nofp\libg.a(libc_a-mlock.o)
                0x08007cf0                __malloc_unlock
 .text._svfprintf_r
                0x08007cfc     0x1c18 c:/progra~2/armgnu~1/1213fb~1.2mp/bin/../lib/gcc/arm-none-eabi/12.2.0/thumb/v7e-m/nofp\libg.a(libc_a-svfprintf.o)
                0x08007cfc                _svfprintf_r
 .text._fclose_r
                0x08009914       0xc4 c:/progra~2/armgnu~1/1213fb~1.2mp/bin/../lib/gcc/arm-none-eabi/12.2.0/thumb/v7e-m/nofp\libg.a(libc_a-fclose.o)
                0x08009914                _fclose_r
 .text.__sflush_r
                0x080099d8      0x128 c:/progra~2/armgnu~1/1213fb~1.2mp/bin/../lib/gcc/arm-none-eabi/12.2.0/thumb/v7e-m/nofp\libg.a(libc_a-fflush.o)
                0x080099d8                __sflush_r
 .text._fflush_r
                0x08009b00       0x54 c:/progra~2/armgnu~1/1213fb~1.2mp/bin/../lib/gcc/arm-none-eabi/12.2.0/thumb/v7e-m/nofp\libg.a(libc_a-fflush.o)
                0x08009b00                _fflush_r
 .text.strncpy  0x08009b54       0x68 c:/progra~2/armgnu~1/1213fb~1.2mp/bin/../lib/gcc/arm-none-eabi/12.2.0/thumb/v7e-m/nofp\libg.a(libc_a-strncpy.o)
                0x08009b54                strncpy
 .text.__locale_mb_cur_max
                0x08009bbc        0xc c:/progra~2/armgnu~1/1213fb~1.2mp/bin/../lib/gcc/arm-none-eabi/12.2.0/thumb/v7e-m/nofp\libg.a(libc_a-locale.o)
                0x08009bbc                __locale_mb_cur_max
 .text._localeconv_r
                0x08009bc8        0x8 c:/progra~2/armgnu~1/1213fb~1.2mp/bin/../lib/gcc/arm-none-eabi/12.2.0/thumb/v7e-m/nofp\libg.a(libc_a-localeconv.o)
                0x08009bc8                _localeconv_r
 .text._sbrk_r  0x08009bd0       0x24 c:/progra~2/armgnu~1/1213fb~1.2mp/bin/../lib/gcc/arm-none-eabi/12.2.0/thumb/v7e-m/nofp\libg.a(libc_a-sbrkr.o)
                0x08009bd0                _sbrk_r
 .text.__libc_fini_array
                0x08009bf4       0x28 c:/progra~2/armgnu~1/1213fb~1.2mp/bin/../lib/gcc/arm-none-eabi/12.2.0/thumb/v7e-m/nofp\libg.a(libc_a-fini.o)
                0x08009bf4                __libc_fini_array
 .text.frexp    0x08009c1c       0x70 c:/progra~2/armgnu~1/1213fb~1.2mp/bin/../lib/gcc/arm-none-eabi/12.2.0/thumb/v7e-m/nofp\libg.a(libm_a-s_frexp.o)
                0x08009c1c                frexp
 .text.__register_exitproc
                0x08009c8c       0x88 c:/progra~2/armgnu~1/1213fb~1.2mp/bin/../lib/gcc/arm-none-eabi/12.2.0/thumb/v7e-m/nofp\libg.a(libc_a-__atexit.o)
                0x08009c8c                __register_exitproc
 .text.quorem   0x08009d14      0x12c c:/progra~2/armgnu~1/1213fb~1.2mp/bin/../lib/gcc/arm-none-eabi/12.2.0/thumb/v7e-m/nofp\libg.a(libc_a-dtoa.o)
 .text._dtoa_r  0x08009e40      0xec8 c:/progra~2/armgnu~1/1213fb~1.2mp/bin/../lib/gcc/arm-none-eabi/12.2.0/thumb/v7e-m/nofp\libg.a(libc_a-dtoa.o)
                0x08009e40                _dtoa_r
 .text.__ascii_mbtowc
                0x0800ad08       0x2c c:/progra~2/armgnu~1/1213fb~1.2mp/bin/../lib/gcc/arm-none-eabi/12.2.0/thumb/v7e-m/nofp\libg.a(libc_a-mbtowc_r.o)
                0x0800ad08                __ascii_mbtowc
 .text._Balloc  0x0800ad34       0x4c c:/progra~2/armgnu~1/1213fb~1.2mp/bin/../lib/gcc/arm-none-eabi/12.2.0/thumb/v7e-m/nofp\libg.a(libc_a-mprec.o)
                0x0800ad34                _Balloc
 .text._Bfree   0x0800ad80       0x14 c:/progra~2/armgnu~1/1213fb~1.2mp/bin/../lib/gcc/arm-none-eabi/12.2.0/thumb/v7e-m/nofp\libg.a(libc_a-mprec.o)
                0x0800ad80                _Bfree
 .text.__multadd
                0x0800ad94       0xa0 c:/progra~2/armgnu~1/1213fb~1.2mp/bin/../lib/gcc/arm-none-eabi/12.2.0/thumb/v7e-m/nofp\libg.a(libc_a-mprec.o)
                0x0800ad94                __multadd
 .text.__hi0bits
                0x0800ae34       0x44 c:/progra~2/armgnu~1/1213fb~1.2mp/bin/../lib/gcc/arm-none-eabi/12.2.0/thumb/v7e-m/nofp\libg.a(libc_a-mprec.o)
                0x0800ae34                __hi0bits
 .text.__lo0bits
                0x0800ae78       0x60 c:/progra~2/armgnu~1/1213fb~1.2mp/bin/../lib/gcc/arm-none-eabi/12.2.0/thumb/v7e-m/nofp\libg.a(libc_a-mprec.o)
                0x0800ae78                __lo0bits
 .text.__i2b    0x0800aed8       0x5c c:/progra~2/armgnu~1/1213fb~1.2mp/bin/../lib/gcc/arm-none-eabi/12.2.0/thumb/v7e-m/nofp\libg.a(libc_a-mprec.o)
                0x0800aed8                __i2b
 .text.__multiply
                0x0800af34      0x16c c:/progra~2/armgnu~1/1213fb~1.2mp/bin/../lib/gcc/arm-none-eabi/12.2.0/thumb/v7e-m/nofp\libg.a(libc_a-mprec.o)
                0x0800af34                __multiply
 .text.__pow5mult
                0x0800b0a0       0xb4 c:/progra~2/armgnu~1/1213fb~1.2mp/bin/../lib/gcc/arm-none-eabi/12.2.0/thumb/v7e-m/nofp\libg.a(libc_a-mprec.o)
                0x0800b0a0                __pow5mult
 .text.__lshift
                0x0800b154       0xf0 c:/progra~2/armgnu~1/1213fb~1.2mp/bin/../lib/gcc/arm-none-eabi/12.2.0/thumb/v7e-m/nofp\libg.a(libc_a-mprec.o)
                0x0800b154                __lshift
 .text.__mcmp   0x0800b244       0x40 c:/progra~2/armgnu~1/1213fb~1.2mp/bin/../lib/gcc/arm-none-eabi/12.2.0/thumb/v7e-m/nofp\libg.a(libc_a-mprec.o)
                0x0800b244                __mcmp
 .text.__mdiff  0x0800b284      0x164 c:/progra~2/armgnu~1/1213fb~1.2mp/bin/../lib/gcc/arm-none-eabi/12.2.0/thumb/v7e-m/nofp\libg.a(libc_a-mprec.o)
                0x0800b284                __mdiff
 .text.__d2b    0x0800b3e8       0xbc c:/progra~2/armgnu~1/1213fb~1.2mp/bin/../lib/gcc/arm-none-eabi/12.2.0/thumb/v7e-m/nofp\libg.a(libc_a-mprec.o)
                0x0800b3e8                __d2b
 .text.__ascii_wctomb
                0x0800b4a4       0x1c c:/progra~2/armgnu~1/1213fb~1.2mp/bin/../lib/gcc/arm-none-eabi/12.2.0/thumb/v7e-m/nofp\libg.a(libc_a-wctomb_r.o)
                0x0800b4a4                __ascii_wctomb
 .text._wcrtomb_r
                0x0800b4c0       0x4c c:/progra~2/armgnu~1/1213fb~1.2mp/bin/../lib/gcc/arm-none-eabi/12.2.0/thumb/v7e-m/nofp\libg.a(libc_a-wcrtomb.o)
                0x0800b4c0                _wcrtomb_r
 .text._wcsrtombs_r
                0x0800b50c       0x1c c:/progra~2/armgnu~1/1213fb~1.2mp/bin/../lib/gcc/arm-none-eabi/12.2.0/thumb/v7e-m/nofp\libg.a(libc_a-wcsrtombs.o)
                0x0800b50c                _wcsrtombs_r
 .text.__ssprint_r
                0x0800b528       0xfc c:/progra~2/armgnu~1/1213fb~1.2mp/bin/../lib/gcc/arm-none-eabi/12.2.0/thumb/v7e-m/nofp\libg.a(libc_a-svfiprintf.o)
                0x0800b528                __ssprint_r
 .text.memmove  0x0800b624      0x100 c:/progra~2/armgnu~1/1213fb~1.2mp/bin/../lib/gcc/arm-none-eabi/12.2.0/thumb/v7e-m/nofp\libg.a(libc_a-memmove.o)
                0x0800b624                memmove
 .text.__assert_func
                0x0800b724       0x40 c:/progra~2/armgnu~1/1213fb~1.2mp/bin/../lib/gcc/arm-none-eabi/12.2.0/thumb/v7e-m/nofp\libg.a(libc_a-assert.o)
                0x0800b724                __assert_func
 .text._calloc_r
                0x0800b764       0x6c c:/progra~2/armgnu~1/1213fb~1.2mp/bin/../lib/gcc/arm-none-eabi/12.2.0/thumb/v7e-m/nofp\libg.a(libc_a-callocr.o)
                0x0800b764                _calloc_r
 .text._realloc_r
                0x0800b7d0      0x34c c:/progra~2/armgnu~1/1213fb~1.2mp/bin/../lib/gcc/arm-none-eabi/12.2.0/thumb/v7e-m/nofp\libg.a(libc_a-reallocr.o)
                0x0800b7d0                _realloc_r
 .text._wcsnrtombs_l
                0x0800bb1c       0xec c:/progra~2/armgnu~1/1213fb~1.2mp/bin/../lib/gcc/arm-none-eabi/12.2.0/thumb/v7e-m/nofp\libg.a(libc_a-wcsnrtombs.o)
                0x0800bb1c                _wcsnrtombs_l
 .text._wcsnrtombs_r
                0x0800bc08       0x24 c:/progra~2/armgnu~1/1213fb~1.2mp/bin/../lib/gcc/arm-none-eabi/12.2.0/thumb/v7e-m/nofp\libg.a(libc_a-wcsnrtombs.o)
                0x0800bc08                _wcsnrtombs_r
 .text.fiprintf
                0x0800bc2c       0x28 c:/progra~2/armgnu~1/1213fb~1.2mp/bin/../lib/gcc/arm-none-eabi/12.2.0/thumb/v7e-m/nofp\libg.a(libc_a-fiprintf.o)
                0x0800bc2c                fiprintf
 .text.__sprint_r.part.0
                0x0800bc54       0x78 c:/progra~2/armgnu~1/1213fb~1.2mp/bin/../lib/gcc/arm-none-eabi/12.2.0/thumb/v7e-m/nofp\libg.a(libc_a-vfiprintf.o)
 .text._vfiprintf_r
                0x0800bccc      0xfe8 c:/progra~2/armgnu~1/1213fb~1.2mp/bin/../lib/gcc/arm-none-eabi/12.2.0/thumb/v7e-m/nofp\libg.a(libc_a-vfiprintf.o)
                0x0800bccc                _vfiprintf_r
 .text.__sbprintf
                0x0800ccb4       0x80 c:/progra~2/armgnu~1/1213fb~1.2mp/bin/../lib/gcc/arm-none-eabi/12.2.0/thumb/v7e-m/nofp\libg.a(libc_a-vfiprintf.o)
 .text.__sfvwrite_r
                0x0800cd34      0x2d4 c:/progra~2/armgnu~1/1213fb~1.2mp/bin/../lib/gcc/arm-none-eabi/12.2.0/thumb/v7e-m/nofp\libg.a(libc_a-fvwrite.o)
                0x0800cd34                __sfvwrite_r
 .text.__swsetup_r
                0x0800d008       0xc0 c:/progra~2/armgnu~1/1213fb~1.2mp/bin/../lib/gcc/arm-none-eabi/12.2.0/thumb/v7e-m/nofp\libg.a(libc_a-wsetup.o)
                0x0800d008                __swsetup_r
 .text.__fputwc
                0x0800d0c8       0x7c c:/progra~2/armgnu~1/1213fb~1.2mp/bin/../lib/gcc/arm-none-eabi/12.2.0/thumb/v7e-m/nofp\libg.a(libc_a-fputwc.o)
                0x0800d0c8                __fputwc
 .text._fputwc_r
                0x0800d144       0x64 c:/progra~2/armgnu~1/1213fb~1.2mp/bin/../lib/gcc/arm-none-eabi/12.2.0/thumb/v7e-m/nofp\libg.a(libc_a-fputwc.o)
                0x0800d144                _fputwc_r
 .text.abort    0x0800d1a8       0x10 c:/progra~2/armgnu~1/1213fb~1.2mp/bin/../lib/gcc/arm-none-eabi/12.2.0/thumb/v7e-m/nofp\libg.a(libc_a-abort.o)
                0x0800d1a8                abort
 .text.__smakebuf_r
                0x0800d1b8       0xdc c:/progra~2/armgnu~1/1213fb~1.2mp/bin/../lib/gcc/arm-none-eabi/12.2.0/thumb/v7e-m/nofp\libg.a(libc_a-makebuf.o)
                0x0800d1b8                __smakebuf_r
 .text.__swbuf_r
                0x0800d294       0xac c:/progra~2/armgnu~1/1213fb~1.2mp/bin/../lib/gcc/arm-none-eabi/12.2.0/thumb/v7e-m/nofp\libg.a(libc_a-wbuf.o)
                0x0800d294                __swbuf_r
 .text.raise    0x0800d340       0x58 c:/progra~2/armgnu~1/1213fb~1.2mp/bin/../lib/gcc/arm-none-eabi/12.2.0/thumb/v7e-m/nofp\libg.a(libc_a-signal.o)
                0x0800d340                raise
 .text._fstat_r
                0x0800d398       0x2c c:/progra~2/armgnu~1/1213fb~1.2mp/bin/../lib/gcc/arm-none-eabi/12.2.0/thumb/v7e-m/nofp\libg.a(libc_a-fstatr.o)
                0x0800d398                _fstat_r
 .text._isatty_r
                0x0800d3c4       0x24 c:/progra~2/armgnu~1/1213fb~1.2mp/bin/../lib/gcc/arm-none-eabi/12.2.0/thumb/v7e-m/nofp\libg.a(libc_a-isattyr.o)
                0x0800d3c4                _isatty_r
 .text._kill_r  0x0800d3e8       0x2c c:/progra~2/armgnu~1/1213fb~1.2mp/bin/../lib/gcc/arm-none-eabi/12.2.0/thumb/v7e-m/nofp\libg.a(libc_a-signalr.o)
                0x0800d3e8                _kill_r
 .text._getpid_r
                0x0800d414        0x4 c:/progra~2/armgnu~1/1213fb~1.2mp/bin/../lib/gcc/arm-none-eabi/12.2.0/thumb/v7e-m/nofp\libg.a(libc_a-signalr.o)
                0x0800d414                _getpid_r
 .text.atan2f   0x0800d418        0x4 c:/progra~2/armgnu~1/1213fb~1.2mp/bin/../lib/gcc/arm-none-eabi/12.2.0/thumb/v7e-m/nofp\libm.a(libm_a-wf_atan2.o)
                0x0800d418                atan2f
 .text.sqrtf    0x0800d41c       0x38 c:/progra~2/armgnu~1/1213fb~1.2mp/bin/../lib/gcc/arm-none-eabi/12.2.0/thumb/v7e-m/nofp\libm.a(libm_a-wf_sqrt.o)
                0x0800d41c                sqrtf
 .text.__ieee754_sqrtf
                0x0800d454       0xf0 c:/progra~2/armgnu~1/1213fb~1.2mp/bin/../lib/gcc/arm-none-eabi/12.2.0/thumb/v7e-m/nofp\libm.a(libm_a-ef_sqrt.o)
                0x0800d454                __ieee754_sqrtf
 .text.__ieee754_atan2f
                0x0800d544      0x110 c:/progra~2/armgnu~1/1213fb~1.2mp/bin/../lib/gcc/arm-none-eabi/12.2.0/thumb/v7e-m/nofp\libm.a(libm_a-ef_atan2.o)
                0x0800d544                __ieee754_atan2f
 .text.atanf    0x0800d654      0x230 c:/progra~2/armgnu~1/1213fb~1.2mp/bin/../lib/gcc/arm-none-eabi/12.2.0/thumb/v7e-m/nofp\libm.a(libm_a-sf_atan.o)
                0x0800d654                atanf
 .text.fabsf    0x0800d884        0x8 c:/progra~2/armgnu~1/1213fb~1.2mp/bin/../lib/gcc/arm-none-eabi/12.2.0/thumb/v7e-m/nofp\libm.a(libm_a-sf_fabs.o)
                0x0800d884                fabsf
 *(.glue_7)
 .glue_7        0x0800d88c        0x0 linker stubs
 *(.glue_7t)
 .glue_7t       0x0800d88c        0x0 linker stubs
 *(.eh_frame)
 .eh_frame      0x0800d88c        0x0 c:/progra~2/armgnu~1/1213fb~1.2mp/bin/../lib/gcc/arm-none-eabi/12.2.0/thumb/v7e-m/nofp/crtbegin.o
 *(.init)
 .init          0x0800d88c        0x4 c:/progra~2/armgnu~1/1213fb~1.2mp/bin/../lib/gcc/arm-none-eabi/12.2.0/thumb/v7e-m/nofp/crti.o
                0x0800d88c                _init
 .init          0x0800d890        0x8 c:/progra~2/armgnu~1/1213fb~1.2mp/bin/../lib/gcc/arm-none-eabi/12.2.0/thumb/v7e-m/nofp/crtn.o
 *(.fini)
 .fini          0x0800d898        0x4 c:/progra~2/armgnu~1/1213fb~1.2mp/bin/../lib/gcc/arm-none-eabi/12.2.0/thumb/v7e-m/nofp/crti.o
                0x0800d898                _fini
 .fini          0x0800d89c        0x8 c:/progra~2/armgnu~1/1213fb~1.2mp/bin/../lib/gcc/arm-none-eabi/12.2.0/thumb/v7e-m/nofp/crtn.o
                0x0800d8a4                        . = ALIGN (0x4)
                0x0800d8a4                        _etext = .

.vfp11_veneer   0x0800d8a4        0x0
 .vfp11_veneer  0x0800d8a4        0x0 linker stubs

.v4_bx          0x0800d8a4        0x0
 .v4_bx         0x0800d8a4        0x0 linker stubs

.iplt           0x0800d8a4        0x0
 .iplt          0x0800d8a4        0x0 c:/progra~2/armgnu~1/1213fb~1.2mp/bin/../lib/gcc/arm-none-eabi/12.2.0/thumb/v7e-m/nofp/crtbegin.o

.rodata         0x0800d8a8      0x5d4
                0x0800d8a8                        . = ALIGN (0x4)
 *(.rodata)
 *(.rodata*)
 .rodata.main.str1.4
                0x0800d8a8       0xc7 CMakeFiles/project.elf.dir/Core/Src/main.c.obj
 *fill*         0x0800d96f        0x1 
 .rodata.str1.4
                0x0800d970       0x62 CMakeFiles/project.elf.dir/Core/Src/main.c.obj
 *fill*         0x0800d9d2        0x2 
 .rodata.AHBPrescTable
                0x0800d9d4       0x10 CMakeFiles/project.elf.dir/Core/Src/system_stm32f3xx.c.obj
                0x0800d9d4                AHBPrescTable
 .rodata.aPredivFactorTable
                0x0800d9e4       0x10 CMakeFiles/project.elf.dir/Drivers/STM32F3xx_HAL_Driver/Src/stm32f3xx_hal_rcc.c.obj
                0x0800d9e4                aPredivFactorTable
 .rodata.aPLLMULFactorTable
                0x0800d9f4       0x10 CMakeFiles/project.elf.dir/Drivers/STM32F3xx_HAL_Driver/Src/stm32f3xx_hal_rcc.c.obj
                0x0800d9f4                aPLLMULFactorTable
 .rodata.USBD_FS_ProductStrDescriptor.str1.4
                0x0800da04       0x13 CMakeFiles/project.elf.dir/USB_DEVICE/App/usbd_desc.c.obj
 *fill*         0x0800da17        0x1 
 .rodata.USBD_FS_ManufacturerStrDescriptor.str1.4
                0x0800da18       0x13 CMakeFiles/project.elf.dir/USB_DEVICE/App/usbd_desc.c.obj
 *fill*         0x0800da2b        0x1 
 .rodata.USBD_FS_ConfigStrDescriptor.str1.4
                0x0800da2c        0xb CMakeFiles/project.elf.dir/USB_DEVICE/App/usbd_desc.c.obj
 *fill*         0x0800da37        0x1 
 .rodata.USBD_FS_InterfaceStrDescriptor.str1.4
                0x0800da38        0xe CMakeFiles/project.elf.dir/USB_DEVICE/App/usbd_desc.c.obj
 *fill*         0x0800da46        0x2 
 .rodata._svfprintf_r.str1.4
                0x0800da48       0x42 c:/progra~2/armgnu~1/1213fb~1.2mp/bin/../lib/gcc/arm-none-eabi/12.2.0/thumb/v7e-m/nofp\libg.a(libc_a-svfprintf.o)
 *fill*         0x0800da8a        0x2 
 .rodata.zeroes.0
                0x0800da8c       0x10 c:/progra~2/armgnu~1/1213fb~1.2mp/bin/../lib/gcc/arm-none-eabi/12.2.0/thumb/v7e-m/nofp\libg.a(libc_a-svfprintf.o)
 .rodata.blanks.1
                0x0800da9c       0x10 c:/progra~2/armgnu~1/1213fb~1.2mp/bin/../lib/gcc/arm-none-eabi/12.2.0/thumb/v7e-m/nofp\libg.a(libc_a-svfprintf.o)
 .rodata.str1.4
                0x0800daac       0x48 c:/progra~2/armgnu~1/1213fb~1.2mp/bin/../lib/gcc/arm-none-eabi/12.2.0/thumb/v7e-m/nofp\libg.a(libc_a-locale.o)
                                 0x4c (size before relaxing)
 .rodata._dtoa_r.str1.4
                0x0800daf4       0x85 c:/progra~2/armgnu~1/1213fb~1.2mp/bin/../lib/gcc/arm-none-eabi/12.2.0/thumb/v7e-m/nofp\libg.a(libc_a-dtoa.o)
                                 0x89 (size before relaxing)
 *fill*         0x0800db79        0x3 
 .rodata.__multadd.str1.4
                0x0800db7c       0x62 c:/progra~2/armgnu~1/1213fb~1.2mp/bin/../lib/gcc/arm-none-eabi/12.2.0/thumb/v7e-m/nofp\libg.a(libc_a-mprec.o)
                                 0x76 (size before relaxing)
 *fill*         0x0800dbde        0x2 
 .rodata.p05.0  0x0800dbe0        0xc c:/progra~2/armgnu~1/1213fb~1.2mp/bin/../lib/gcc/arm-none-eabi/12.2.0/thumb/v7e-m/nofp\libg.a(libc_a-mprec.o)
 *fill*         0x0800dbec        0x4 
 .rodata.__mprec_bigtens
                0x0800dbf0       0x28 c:/progra~2/armgnu~1/1213fb~1.2mp/bin/../lib/gcc/arm-none-eabi/12.2.0/thumb/v7e-m/nofp\libg.a(libc_a-mprec.o)
                0x0800dbf0                __mprec_bigtens
 .rodata.__mprec_tens
                0x0800dc18       0xc8 c:/progra~2/armgnu~1/1213fb~1.2mp/bin/../lib/gcc/arm-none-eabi/12.2.0/thumb/v7e-m/nofp\libg.a(libc_a-mprec.o)
                0x0800dc18                __mprec_tens
 .rodata._ctype_
                0x0800dce0      0x101 c:/progra~2/armgnu~1/1213fb~1.2mp/bin/../lib/gcc/arm-none-eabi/12.2.0/thumb/v7e-m/nofp\libg.a(libc_a-ctype_.o)
                0x0800dce0                _ctype_
 *fill*         0x0800dde1        0x3 
 .rodata.__assert_func.str1.4
                0x0800dde4       0x3f c:/progra~2/armgnu~1/1213fb~1.2mp/bin/../lib/gcc/arm-none-eabi/12.2.0/thumb/v7e-m/nofp\libg.a(libc_a-assert.o)
                                 0x43 (size before relaxing)
 .rodata._vfiprintf_r.str1.4
                0x0800de23       0x2f c:/progra~2/armgnu~1/1213fb~1.2mp/bin/../lib/gcc/arm-none-eabi/12.2.0/thumb/v7e-m/nofp\libg.a(libc_a-vfiprintf.o)
 *fill*         0x0800de23        0x1 
 .rodata.zeroes.0
                0x0800de24       0x10 c:/progra~2/armgnu~1/1213fb~1.2mp/bin/../lib/gcc/arm-none-eabi/12.2.0/thumb/v7e-m/nofp\libg.a(libc_a-vfiprintf.o)
 .rodata.blanks.1
                0x0800de34       0x10 c:/progra~2/armgnu~1/1213fb~1.2mp/bin/../lib/gcc/arm-none-eabi/12.2.0/thumb/v7e-m/nofp\libg.a(libc_a-vfiprintf.o)
 .rodata.CSWTCH.9
                0x0800de44        0xc c:/progra~2/armgnu~1/1213fb~1.2mp/bin/../lib/gcc/arm-none-eabi/12.2.0/thumb/v7e-m/nofp\libm.a(libm_a-ef_atan2.o)
 .rodata.CSWTCH.8
                0x0800de50        0xc c:/progra~2/armgnu~1/1213fb~1.2mp/bin/../lib/gcc/arm-none-eabi/12.2.0/thumb/v7e-m/nofp\libm.a(libm_a-ef_atan2.o)
 .rodata.atanlo
                0x0800de5c       0x10 c:/progra~2/armgnu~1/1213fb~1.2mp/bin/../lib/gcc/arm-none-eabi/12.2.0/thumb/v7e-m/nofp\libm.a(libm_a-sf_atan.o)
 .rodata.atanhi
                0x0800de6c       0x10 c:/progra~2/armgnu~1/1213fb~1.2mp/bin/../lib/gcc/arm-none-eabi/12.2.0/thumb/v7e-m/nofp\libm.a(libm_a-sf_atan.o)
                0x0800de7c                        . = ALIGN (0x4)

.ARM.extab      0x0800de7c        0x0
                0x0800de7c                        . = ALIGN (0x4)
 *(.ARM.extab* .gnu.linkonce.armextab.*)
                0x0800de7c                        . = ALIGN (0x4)

.ARM            0x0800de7c        0x8
                0x0800de7c                        . = ALIGN (0x4)
                0x0800de7c                        __exidx_start = .
 *(.ARM.exidx*)
 .ARM.exidx     0x0800de7c        0x8 c:/progra~2/armgnu~1/1213fb~1.2mp/bin/../lib/gcc/arm-none-eabi/12.2.0/thumb/v7e-m/nofp\libg.a(libc_a-strlen.o)
 .ARM.exidx     0x0800de84        0x0 c:/progra~2/armgnu~1/1213fb~1.2mp/bin/../lib/gcc/arm-none-eabi/12.2.0/thumb/v7e-m/nofp\libg.a(libc_a-memchr.o)
                                  0x8 (size before relaxing)
 .ARM.exidx     0x0800de84        0x0 c:/progra~2/armgnu~1/1213fb~1.2mp/bin/../lib/gcc/arm-none-eabi/12.2.0/thumb/v7e-m/nofp\libg.a(libc_a-memcpy.o)
                                  0x8 (size before relaxing)
                0x0800de84                        __exidx_end = .
                0x0800de84                        . = ALIGN (0x4)

.rel.dyn        0x0800de84        0x0
 .rel.iplt      0x0800de84        0x0 c:/progra~2/armgnu~1/1213fb~1.2mp/bin/../lib/gcc/arm-none-eabi/12.2.0/thumb/v7e-m/nofp/crtbegin.o

.preinit_array  0x0800de84        0x0
                0x0800de84                        . = ALIGN (0x4)
                0x0800de84                        PROVIDE (__preinit_array_start = .)
 *(.preinit_array*)
                0x0800de84                        PROVIDE (__preinit_array_end = .)
                0x0800de84                        . = ALIGN (0x4)

.init_array     0x0800de84        0x8
                0x0800de84                        . = ALIGN (0x4)
                0x0800de84                        PROVIDE (__init_array_start = .)
 *(SORT_BY_NAME(.init_array.*))
 .init_array.00000
                0x0800de84        0x4 c:/progra~2/armgnu~1/1213fb~1.2mp/bin/../lib/gcc/arm-none-eabi/12.2.0/thumb/v7e-m/nofp\libg.a(libc_a-__call_atexit.o)
 *(.init_array*)
 .init_array    0x0800de88        0x4 c:/progra~2/armgnu~1/1213fb~1.2mp/bin/../lib/gcc/arm-none-eabi/12.2.0/thumb/v7e-m/nofp/crtbegin.o
                0x0800de8c                        PROVIDE (__init_array_end = .)
                0x0800de8c                        . = ALIGN (0x4)

.fini_array     0x0800de8c        0x4
                0x0800de8c                        . = ALIGN (0x4)
                0x0800de8c                        PROVIDE (__fini_array_start = .)
 *(SORT_BY_NAME(.fini_array.*))
 *(.fini_array*)
 .fini_array    0x0800de8c        0x4 c:/progra~2/armgnu~1/1213fb~1.2mp/bin/../lib/gcc/arm-none-eabi/12.2.0/thumb/v7e-m/nofp/crtbegin.o
                0x0800de90                        PROVIDE (__fini_array_end = .)
                0x0800de90                        . = ALIGN (0x4)
                0x0800de90                        _sidata = LOADADDR (.data)

.data           0x20000000      0x864 load address 0x0800de90
                0x20000000                        . = ALIGN (0x4)
                0x20000000                        _sdata = .
 *(.data)
 *(.data*)
 .data.status_str
                0x20000000       0x1c CMakeFiles/project.elf.dir/Core/Src/main.c.obj
                0x20000000                status_str
 .data.minmax_pitch
                0x2000001c        0x4 CMakeFiles/project.elf.dir/Core/Src/main.c.obj
                0x2000001c                minmax_pitch
 .data.minmax_roll
                0x20000020        0x4 CMakeFiles/project.elf.dir/Core/Src/main.c.obj
                0x20000020                minmax_roll
 .data.minmax_Y
                0x20000024        0x4 CMakeFiles/project.elf.dir/Core/Src/main.c.obj
                0x20000024                minmax_Y
 .data.minmax_X
                0x20000028        0x4 CMakeFiles/project.elf.dir/Core/Src/main.c.obj
                0x20000028                minmax_X
 .data.SystemCoreClock
                0x2000002c        0x4 CMakeFiles/project.elf.dir/Core/Src/system_stm32f3xx.c.obj
                0x2000002c                SystemCoreClock
 .data.uwTickFreq
                0x20000030        0x1 CMakeFiles/project.elf.dir/Drivers/STM32F3xx_HAL_Driver/Src/stm32f3xx_hal.c.obj
                0x20000030                uwTickFreq
 *fill*         0x20000031        0x3 
 .data.uwTickPrio
                0x20000034        0x4 CMakeFiles/project.elf.dir/Drivers/STM32F3xx_HAL_Driver/Src/stm32f3xx_hal.c.obj
                0x20000034                uwTickPrio
 .data.USBD_CDC_OtherSpeedCfgDesc
                0x20000038       0x43 CMakeFiles/project.elf.dir/Middlewares/ST/STM32_USB_Device_Library/Class/CDC/Src/usbd_cdc.c.obj
                0x20000038                USBD_CDC_OtherSpeedCfgDesc
 *fill*         0x2000007b        0x1 
 .data.USBD_CDC_CfgFSDesc
                0x2000007c       0x43 CMakeFiles/project.elf.dir/Middlewares/ST/STM32_USB_Device_Library/Class/CDC/Src/usbd_cdc.c.obj
                0x2000007c                USBD_CDC_CfgFSDesc
 *fill*         0x200000bf        0x1 
 .data.USBD_CDC_CfgHSDesc
                0x200000c0       0x43 CMakeFiles/project.elf.dir/Middlewares/ST/STM32_USB_Device_Library/Class/CDC/Src/usbd_cdc.c.obj
                0x200000c0                USBD_CDC_CfgHSDesc
 *fill*         0x20000103        0x1 
 .data.USBD_CDC
                0x20000104       0x38 CMakeFiles/project.elf.dir/Middlewares/ST/STM32_USB_Device_Library/Class/CDC/Src/usbd_cdc.c.obj
                0x20000104                USBD_CDC
 .data.USBD_CDC_DeviceQualifierDesc
                0x2000013c        0xa CMakeFiles/project.elf.dir/Middlewares/ST/STM32_USB_Device_Library/Class/CDC/Src/usbd_cdc.c.obj
 *fill*         0x20000146        0x2 
 .data.USBD_Interface_fops_FS
                0x20000148       0x10 CMakeFiles/project.elf.dir/USB_DEVICE/App/usbd_cdc_if.c.obj
                0x20000148                USBD_Interface_fops_FS
 .data.USBD_StringSerial
                0x20000158       0x1a CMakeFiles/project.elf.dir/USB_DEVICE/App/usbd_desc.c.obj
                0x20000158                USBD_StringSerial
 *fill*         0x20000172        0x2 
 .data.USBD_LangIDDesc
                0x20000174        0x4 CMakeFiles/project.elf.dir/USB_DEVICE/App/usbd_desc.c.obj
                0x20000174                USBD_LangIDDesc
 .data.USBD_FS_DeviceDesc
                0x20000178       0x12 CMakeFiles/project.elf.dir/USB_DEVICE/App/usbd_desc.c.obj
                0x20000178                USBD_FS_DeviceDesc
 *fill*         0x2000018a        0x2 
 .data.FS_Desc  0x2000018c       0x1c CMakeFiles/project.elf.dir/USB_DEVICE/App/usbd_desc.c.obj
                0x2000018c                FS_Desc
 .data.__sglue  0x200001a8        0xc c:/progra~2/armgnu~1/1213fb~1.2mp/bin/../lib/gcc/arm-none-eabi/12.2.0/thumb/v7e-m/nofp\libg.a(libc_a-findfp.o)
                0x200001a8                __sglue
 .data._impure_ptr
                0x200001b4        0x4 c:/progra~2/armgnu~1/1213fb~1.2mp/bin/../lib/gcc/arm-none-eabi/12.2.0/thumb/v7e-m/nofp\libg.a(libc_a-impure.o)
                0x200001b4                _impure_ptr
 .data._impure_data
                0x200001b8      0x120 c:/progra~2/armgnu~1/1213fb~1.2mp/bin/../lib/gcc/arm-none-eabi/12.2.0/thumb/v7e-m/nofp\libg.a(libc_a-impure.o)
                0x200001b8                _impure_data
 .data.__atexit_recursive_mutex
                0x200002d8        0x4 c:/progra~2/armgnu~1/1213fb~1.2mp/bin/../lib/gcc/arm-none-eabi/12.2.0/thumb/v7e-m/nofp\libg.a(libc_a-__call_atexit.o)
                0x200002d8                __atexit_recursive_mutex
 .data.__malloc_sbrk_base
                0x200002dc        0x4 c:/progra~2/armgnu~1/1213fb~1.2mp/bin/../lib/gcc/arm-none-eabi/12.2.0/thumb/v7e-m/nofp\libg.a(libc_a-mallocr.o)
                0x200002dc                __malloc_sbrk_base
 .data.__malloc_trim_threshold
                0x200002e0        0x4 c:/progra~2/armgnu~1/1213fb~1.2mp/bin/../lib/gcc/arm-none-eabi/12.2.0/thumb/v7e-m/nofp\libg.a(libc_a-mallocr.o)
                0x200002e0                __malloc_trim_threshold
 *fill*         0x200002e4        0x4 
 .data.__malloc_av_
                0x200002e8      0x408 c:/progra~2/armgnu~1/1213fb~1.2mp/bin/../lib/gcc/arm-none-eabi/12.2.0/thumb/v7e-m/nofp\libg.a(libc_a-mallocr.o)
                0x200002e8                __malloc_av_
 .data.__global_locale
                0x200006f0      0x16c c:/progra~2/armgnu~1/1213fb~1.2mp/bin/../lib/gcc/arm-none-eabi/12.2.0/thumb/v7e-m/nofp\libg.a(libc_a-locale.o)
                0x200006f0                __global_locale
 .data.tiny     0x2000085c        0x4 c:/progra~2/armgnu~1/1213fb~1.2mp/bin/../lib/gcc/arm-none-eabi/12.2.0/thumb/v7e-m/nofp\libm.a(libm_a-ef_sqrt.o)
 .data.one      0x20000860        0x4 c:/progra~2/armgnu~1/1213fb~1.2mp/bin/../lib/gcc/arm-none-eabi/12.2.0/thumb/v7e-m/nofp\libm.a(libm_a-ef_sqrt.o)
 *(.RamFunc)
 *(.RamFunc*)
                0x20000864                        . = ALIGN (0x4)
                0x20000864                        _edata = .
                0x0800e6f4                        _siccmram = LOADADDR (.ccmram)

.tm_clone_table
                0x20000864        0x0 load address 0x0800e6f4
 .tm_clone_table
                0x20000864        0x0 c:/progra~2/armgnu~1/1213fb~1.2mp/bin/../lib/gcc/arm-none-eabi/12.2.0/thumb/v7e-m/nofp/crtbegin.o
 .tm_clone_table
                0x20000864        0x0 c:/progra~2/armgnu~1/1213fb~1.2mp/bin/../lib/gcc/arm-none-eabi/12.2.0/thumb/v7e-m/nofp/crtend.o

.igot.plt       0x20000864        0x0 load address 0x0800e6f4
 .igot.plt      0x20000864        0x0 c:/progra~2/armgnu~1/1213fb~1.2mp/bin/../lib/gcc/arm-none-eabi/12.2.0/thumb/v7e-m/nofp/crtbegin.o

.ccmram         0x10000000        0x0 load address 0x0800e6f4
                0x10000000                        . = ALIGN (0x4)
                0x10000000                        _sccmram = .
 *(.ccmram)
 *(.ccmram*)
                0x10000000                        . = ALIGN (0x4)
                0x10000000                        _eccmram = .
                0x10000000                        . = ALIGN (0x4)

.bss            0x20000864     0x15cc
                0x20000864                        _sbss = .
                0x20000864                        __bss_start__ = _sbss
 *(.bss)
 *(.bss*)
 .bss.completed.1
                0x20000864        0x1 c:/progra~2/armgnu~1/1213fb~1.2mp/bin/../lib/gcc/arm-none-eabi/12.2.0/thumb/v7e-m/nofp/crtbegin.o
 *fill*         0x20000865        0x3 
 .bss.object.0  0x20000868       0x18 c:/progra~2/armgnu~1/1213fb~1.2mp/bin/../lib/gcc/arm-none-eabi/12.2.0/thumb/v7e-m/nofp/crtbegin.o
 .bss.sensors_data
                0x20000880        0xe CMakeFiles/project.elf.dir/Core/Src/main.c.obj
                0x20000880                sensors_data
 *fill*         0x2000088e        0x2 
 .bss.hspi1     0x20000890       0x64 CMakeFiles/project.elf.dir/Core/Src/main.c.obj
                0x20000890                hspi1
 .bss.hi2c1     0x200008f4       0x4c CMakeFiles/project.elf.dir/Core/Src/main.c.obj
                0x200008f4                hi2c1
 .bss.__sbrk_heap_end
                0x20000940        0x4 CMakeFiles/project.elf.dir/Core/Src/sysmem.c.obj
 .bss.uwTick    0x20000944        0x4 CMakeFiles/project.elf.dir/Drivers/STM32F3xx_HAL_Driver/Src/stm32f3xx_hal.c.obj
                0x20000944                uwTick
 .bss.cfgidx.0  0x20000948        0x1 CMakeFiles/project.elf.dir/Middlewares/ST/STM32_USB_Device_Library/Core/Src/usbd_ctlreq.c.obj
 *fill*         0x20000949        0x3 
 .bss.hUsbDeviceFS
                0x2000094c      0x2c4 CMakeFiles/project.elf.dir/USB_DEVICE/App/usb_device.c.obj
                0x2000094c                hUsbDeviceFS
 .bss.UserTxBufferFS
                0x20000c10      0x400 CMakeFiles/project.elf.dir/USB_DEVICE/App/usbd_cdc_if.c.obj
                0x20000c10                UserTxBufferFS
 .bss.UserRxBufferFS
                0x20001010      0x400 CMakeFiles/project.elf.dir/USB_DEVICE/App/usbd_cdc_if.c.obj
                0x20001010                UserRxBufferFS
 .bss.USBD_StrDesc
                0x20001410      0x200 CMakeFiles/project.elf.dir/USB_DEVICE/App/usbd_desc.c.obj
                0x20001410                USBD_StrDesc
 .bss.mem.0     0x20001610      0x220 CMakeFiles/project.elf.dir/USB_DEVICE/Target/usbd_conf.c.obj
 .bss.hpcd_USB_FS
                0x20001830      0x2ec CMakeFiles/project.elf.dir/USB_DEVICE/Target/usbd_conf.c.obj
                0x20001830                hpcd_USB_FS
 .bss.__sf      0x20001b1c      0x138 c:/progra~2/armgnu~1/1213fb~1.2mp/bin/../lib/gcc/arm-none-eabi/12.2.0/thumb/v7e-m/nofp\libg.a(libc_a-findfp.o)
                0x20001b1c                __sf
 .bss.__stdio_exit_handler
                0x20001c54        0x4 c:/progra~2/armgnu~1/1213fb~1.2mp/bin/../lib/gcc/arm-none-eabi/12.2.0/thumb/v7e-m/nofp\libg.a(libc_a-findfp.o)
                0x20001c54                __stdio_exit_handler
 .bss.errno     0x20001c58        0x4 c:/progra~2/armgnu~1/1213fb~1.2mp/bin/../lib/gcc/arm-none-eabi/12.2.0/thumb/v7e-m/nofp\libg.a(libc_a-reent.o)
                0x20001c58                errno
 .bss.__lock___malloc_recursive_mutex
                0x20001c5c        0x1 c:/progra~2/armgnu~1/1213fb~1.2mp/bin/../lib/gcc/arm-none-eabi/12.2.0/thumb/v7e-m/nofp\libg.a(libc_a-lock.o)
                0x20001c5c                __lock___malloc_recursive_mutex
 *fill*         0x20001c5d        0x3 
 .bss.__lock___atexit_recursive_mutex
                0x20001c60        0x1 c:/progra~2/armgnu~1/1213fb~1.2mp/bin/../lib/gcc/arm-none-eabi/12.2.0/thumb/v7e-m/nofp\libg.a(libc_a-lock.o)
                0x20001c60                __lock___atexit_recursive_mutex
 *fill*         0x20001c61        0x3 
 .bss.__lock___sfp_recursive_mutex
                0x20001c64        0x1 c:/progra~2/armgnu~1/1213fb~1.2mp/bin/../lib/gcc/arm-none-eabi/12.2.0/thumb/v7e-m/nofp\libg.a(libc_a-lock.o)
                0x20001c64                __lock___sfp_recursive_mutex
 *fill*         0x20001c65        0x3 
 .bss.__atexit  0x20001c68        0x4 c:/progra~2/armgnu~1/1213fb~1.2mp/bin/../lib/gcc/arm-none-eabi/12.2.0/thumb/v7e-m/nofp\libg.a(libc_a-__call_atexit.o)
                0x20001c68                __atexit
 .bss.__malloc_current_mallinfo
                0x20001c6c       0x28 c:/progra~2/armgnu~1/1213fb~1.2mp/bin/../lib/gcc/arm-none-eabi/12.2.0/thumb/v7e-m/nofp\libg.a(libc_a-mallocr.o)
                0x20001c6c                __malloc_current_mallinfo
 .bss.__malloc_max_total_mem
                0x20001c94        0x4 c:/progra~2/armgnu~1/1213fb~1.2mp/bin/../lib/gcc/arm-none-eabi/12.2.0/thumb/v7e-m/nofp\libg.a(libc_a-mallocr.o)
                0x20001c94                __malloc_max_total_mem
 .bss.__malloc_max_sbrked_mem
                0x20001c98        0x4 c:/progra~2/armgnu~1/1213fb~1.2mp/bin/../lib/gcc/arm-none-eabi/12.2.0/thumb/v7e-m/nofp\libg.a(libc_a-mallocr.o)
                0x20001c98                __malloc_max_sbrked_mem
 .bss.__malloc_top_pad
                0x20001c9c        0x4 c:/progra~2/armgnu~1/1213fb~1.2mp/bin/../lib/gcc/arm-none-eabi/12.2.0/thumb/v7e-m/nofp\libg.a(libc_a-mallocr.o)
                0x20001c9c                __malloc_top_pad
 .bss.__atexit0
                0x20001ca0      0x190 c:/progra~2/armgnu~1/1213fb~1.2mp/bin/../lib/gcc/arm-none-eabi/12.2.0/thumb/v7e-m/nofp\libg.a(libc_a-__atexit.o)
                0x20001ca0                __atexit0
 *(COMMON)
                0x20001e30                        . = ALIGN (0x4)
                0x20001e30                        _ebss = .
                0x20001e30                        __bss_end__ = _ebss

._user_heap_stack
                0x20001e30      0x600
                0x20001e30                        . = ALIGN (0x8)
                [!provide]                        PROVIDE (end = .)
                0x20001e30                        PROVIDE (_end = .)
                0x20002030                        . = (. + _Min_Heap_Size)
 *fill*         0x20001e30      0x200 
                0x20002430                        . = (. + _Min_Stack_Size)
 *fill*         0x20002030      0x400 
                0x20002430                        . = ALIGN (0x8)
